<html>
<body>
<pre>
<h1>µVision Build Log</h1>
<h2>Tool Versions:</h2>
IDE-Version: µVision V5.33.0.0
Copyright (C) 2020 ARM Ltd and ARM Germany GmbH. All rights reserved.
License Information: Ernesto Ruiz, San Francisco State University, LIC=----
 
Tool Versions:
Toolchain:       MDK-Lite  Version: 5.33.0.0
Toolchain Path:  C:\Keil_v5\ARM\ARMCC\Bin
C Compiler:      Armcc.exe V5.06 update 7 (build 960)
Assembler:       Armasm.exe V5.06 update 7 (build 960)
Linker/Locator:  ArmLink.exe V5.06 update 7 (build 960)
Library Manager: ArmAr.exe V5.06 update 7 (build 960)
Hex Converter:   FromElf.exe V5.06 update 7 (build 960)
CPU DLL:         SARMCM3.DLL V5.33.0.0
Dialog DLL:      DCM.DLL V1.17.3.0
Target DLL:      lmidk-agdi.dll V???
Dialog DLL:      TCM.DLL V1.48.0.0
 
<h2>Project:</h2>
C:\ti\TivaWare_C_Series-2.2.0.295\examples\boards\my_projects\finalProj\RoomTemperatureSensor.uvprojx
Project File Date:  05/18/2021

<h2>Output:</h2>
*** Using Compiler 'V5.06 update 7 (build 960)', folder: 'C:\Keil_v5\ARM\ARMCC\Bin'
Rebuild target 'Target 1'
assembling startup_rvmdk.S...
compiling main.c...
Init.h(28): warning:  #1-D: last line of file ends without a newline
  void ADC0_Init(void);
Motion_Sensor.h(1): warning:  #1-D: last line of file ends without a newline
  void checkPIR(void);
main.c(29): warning:  #1-D: last line of file ends without a newline
  }
main.c: 3 warnings, 0 errors
compiling Motion_Sensor.c...
Init.h(28): warning:  #1-D: last line of file ends without a newline
  void ADC0_Init(void);
Motion_Sensor.c: 1 warning, 0 errors
compiling Display.c...
I2C.h(13): warning:  #1-D: last line of file ends without a newline
  char I2C3_Wr(int slaveAddr, char memAddr, uint8_t data);
Display.c: 1 warning, 0 errors
compiling I2C.c...
I2C.c(52): warning:  #68-D: integer conversion resulted in a change of sign
          return -1;                  /* no write was performed */
I2C.c(78): warning:  #1-D: last line of file ends without a newline
  }
I2C.c: 2 warnings, 0 errors
compiling TemperatureSensor.c...
compiling Init.c...
linking...
Program Size: Code=4674 RO-data=1070 RW-data=16 ZI-data=352  
".\RoomTemperatureSensor.axf" - 0 Error(s), 7 Warning(s).

<h2>Software Packages used:</h2>

Package Vendor: Keil
                http://www.keil.com/pack/Keil.TM4C_DFP.1.1.0.pack
                Keil.TM4C_DFP.1.1.0
                Texas Instruments Tiva C Series Device Support and Examples

<h2>Collection of Component include folders:</h2>
  C:\Users\Ernesto\AppData\Local\Arm\Packs\Keil\TM4C_DFP\1.1.0\Device\Include\TM4C123

<h2>Collection of Component Files used:</h2>
Build Time Elapsed:  00:00:01
</pre>
</body>
</html>
