Component: ARM Compiler 5.06 update 7 (build 960) Tool: armlink [4d3601]

==============================================================================

Section Cross References

    startup_rvmdk.o(STACK) refers (Special) to heapauxi.o(.text) for __use_two_region_memory
    startup_rvmdk.o(HEAP) refers (Special) to heapauxi.o(.text) for __use_two_region_memory
    startup_rvmdk.o(RESET) refers (Special) to heapauxi.o(.text) for __use_two_region_memory
    startup_rvmdk.o(RESET) refers to startup_rvmdk.o(STACK) for StackMem
    startup_rvmdk.o(RESET) refers to temperaturesensor.o(i.ADC0_Handler) for ADC0_Handler
    startup_rvmdk.o(RESET) refers to __main.o(!!!main) for __main
    startup_rvmdk.o(.text) refers (Special) to heapauxi.o(.text) for __use_two_region_memory
    startup_rvmdk.o(.text) refers to startup_rvmdk.o(HEAP) for HeapMem
    startup_rvmdk.o(.text) refers to startup_rvmdk.o(STACK) for StackMem
    display.o(i.OLED_Clear) refers to display.o(i.OLED_YX) for OLED_YX
    display.o(i.OLED_Clear) refers to display.o(i.OLED_PutChar) for OLED_PutChar
    display.o(i.OLED_Command) refers to i2c.o(i.I2C3_Wr) for I2C3_Wr
    display.o(i.OLED_Data) refers to i2c.o(i.I2C3_Wr) for I2C3_Wr
    display.o(i.OLED_PutChar) refers to rt_memmove_v6.o(.text) for __aeabi_memmove
    display.o(i.OLED_PutChar) refers to i2c.o(i.I2C3_Write_Multiple) for I2C3_Write_Multiple
    display.o(i.OLED_PutChar) refers to display.o(.constdata) for OledFont
    display.o(i.OLED_Write_Integer) refers to _printf_percent.o(.ARM.Collect$$_printf_percent$$00000000) for _printf_percent
    display.o(i.OLED_Write_Integer) refers to _printf_d.o(.ARM.Collect$$_printf_percent$$00000009) for _printf_d
    display.o(i.OLED_Write_Integer) refers to _printf_dec.o(.text) for _printf_int_dec
    display.o(i.OLED_Write_Integer) refers to noretval__2sprintf.o(.text) for __2sprintf
    display.o(i.OLED_Write_Integer) refers to display.o(i.OLED_Write_String) for OLED_Write_String
    display.o(i.OLED_Write_String) refers to display.o(i.OLED_PutChar) for OLED_PutChar
    display.o(i.OLED_YX) refers to display.o(i.OLED_Command) for OLED_Command
    temperaturesensor.o(i.ADC0_Handler) refers to adc.o(i.ADCIntClear) for ADCIntClear
    temperaturesensor.o(i.ADC0_Handler) refers to adc.o(i.ADCProcessorTrigger) for ADCProcessorTrigger
    temperaturesensor.o(i.ADC0_Handler) refers to adc.o(i.ADCSequenceDataGet) for ADCSequenceDataGet
    temperaturesensor.o(i.ADC0_Handler) refers to display.o(i.OLED_YX) for OLED_YX
    temperaturesensor.o(i.ADC0_Handler) refers to display.o(i.OLED_Write_String) for OLED_Write_String
    temperaturesensor.o(i.ADC0_Handler) refers to display.o(i.OLED_Write_Integer) for OLED_Write_Integer
    temperaturesensor.o(i.ADC0_Handler) refers to sysctl.o(.emb_text) for SysCtlDelay
    temperaturesensor.o(i.ADC0_Handler) refers to interrupt.o(i.IntMasterDisable) for IntMasterDisable
    temperaturesensor.o(i.ADC0_Handler) refers to temperaturesensor.o(.data) for ui32ADC0Value
    main.o(i.main) refers to init.o(i.I2C3_Init) for I2C3_Init
    main.o(i.main) refers to init.o(i.OLED_Init) for OLED_Init
    main.o(i.main) refers to init.o(i.PortFunctionInit) for PortFunctionInit
    main.o(i.main) refers to motion_sensor.o(i.checkPIR) for checkPIR
    main.o(i.main) refers to main.o(i.Delay_ms) for Delay_ms
    main.o(i.main) refers to display.o(i.OLED_Clear) for OLED_Clear
    init.o(i.ADC0_Init) refers to sysctl.o(i.SysCtlClockSet) for SysCtlClockSet
    init.o(i.ADC0_Init) refers to sysctl.o(i.SysCtlPeripheralEnable) for SysCtlPeripheralEnable
    init.o(i.ADC0_Init) refers to gpio.o(i.GPIOPinTypeADC) for GPIOPinTypeADC
    init.o(i.ADC0_Init) refers to adc.o(i.ADCSequenceDisable) for ADCSequenceDisable
    init.o(i.ADC0_Init) refers to adc.o(i.ADCSequenceConfigure) for ADCSequenceConfigure
    init.o(i.ADC0_Init) refers to adc.o(i.ADCSequenceStepConfigure) for ADCSequenceStepConfigure
    init.o(i.ADC0_Init) refers to interrupt.o(i.IntPrioritySet) for IntPrioritySet
    init.o(i.ADC0_Init) refers to interrupt.o(i.IntEnable) for IntEnable
    init.o(i.ADC0_Init) refers to adc.o(i.ADCIntEnableEx) for ADCIntEnableEx
    init.o(i.ADC0_Init) refers to adc.o(i.ADCSequenceEnable) for ADCSequenceEnable
    init.o(i.OLED_Init) refers to display.o(i.OLED_Command) for OLED_Command
    i2c.o(i.I2C3_Wr) refers to i2c.o(i.I2C_wait_till_done) for I2C_wait_till_done
    i2c.o(i.I2C3_Write_Multiple) refers to i2c.o(i.I2C_wait_till_done) for I2C_wait_till_done
    motion_sensor.o(i.checkPIR) refers to interrupt.o(i.IntMasterEnable) for IntMasterEnable
    motion_sensor.o(i.checkPIR) refers to init.o(i.ADC0_Init) for ADC0_Init
    motion_sensor.o(i.checkPIR) refers to adc.o(i.ADCProcessorTrigger) for ADCProcessorTrigger
    adc.o(i.ADCIntRegister) refers to interrupt.o(i.IntRegister) for IntRegister
    adc.o(i.ADCIntRegister) refers to interrupt.o(i.IntEnable) for IntEnable
    adc.o(i.ADCIntUnregister) refers to interrupt.o(i.IntDisable) for IntDisable
    adc.o(i.ADCIntUnregister) refers to interrupt.o(i.IntUnregister) for IntUnregister
    adc.o(i.ADCSoftwareOversampleConfigure) refers to adc.o(.data) for .data
    adc.o(i.ADCSoftwareOversampleDataGet) refers to adc.o(.data) for .data
    adc.o(i.ADCSoftwareOversampleStepConfigure) refers to adc.o(.data) for .data
    gpio.o(i.GPIOIntRegister) refers to gpio.o(i._GPIOIntNumberGet) for _GPIOIntNumberGet
    gpio.o(i.GPIOIntRegister) refers to interrupt.o(i.IntRegister) for IntRegister
    gpio.o(i.GPIOIntRegister) refers to interrupt.o(i.IntEnable) for IntEnable
    gpio.o(i.GPIOIntRegisterPin) refers to gpio.o(i._GPIOIntNumberGet) for _GPIOIntNumberGet
    gpio.o(i.GPIOIntRegisterPin) refers to interrupt.o(i.IntRegister) for IntRegister
    gpio.o(i.GPIOIntRegisterPin) refers to interrupt.o(i.IntEnable) for IntEnable
    gpio.o(i.GPIOIntUnregister) refers to gpio.o(i._GPIOIntNumberGet) for _GPIOIntNumberGet
    gpio.o(i.GPIOIntUnregister) refers to interrupt.o(i.IntDisable) for IntDisable
    gpio.o(i.GPIOIntUnregister) refers to interrupt.o(i.IntUnregister) for IntUnregister
    gpio.o(i.GPIOIntUnregisterPin) refers to gpio.o(i._GPIOIntNumberGet) for _GPIOIntNumberGet
    gpio.o(i.GPIOIntUnregisterPin) refers to interrupt.o(i.IntDisable) for IntDisable
    gpio.o(i.GPIOIntUnregisterPin) refers to interrupt.o(i.IntUnregister) for IntUnregister
    gpio.o(i.GPIOPinConfigure) refers to gpio.o(.constdata) for .constdata
    gpio.o(i.GPIOPinTypeADC) refers to gpio.o(i.GPIODirModeSet) for GPIODirModeSet
    gpio.o(i.GPIOPinTypeADC) refers to gpio.o(i.GPIOPadConfigSet) for GPIOPadConfigSet
    gpio.o(i.GPIOPinTypeCAN) refers to gpio.o(i.GPIODirModeSet) for GPIODirModeSet
    gpio.o(i.GPIOPinTypeCAN) refers to gpio.o(i.GPIOPadConfigSet) for GPIOPadConfigSet
    gpio.o(i.GPIOPinTypeComparator) refers to gpio.o(i.GPIODirModeSet) for GPIODirModeSet
    gpio.o(i.GPIOPinTypeComparator) refers to gpio.o(i.GPIOPadConfigSet) for GPIOPadConfigSet
    gpio.o(i.GPIOPinTypeComparatorOutput) refers to gpio.o(i.GPIODirModeSet) for GPIODirModeSet
    gpio.o(i.GPIOPinTypeComparatorOutput) refers to gpio.o(i.GPIOPadConfigSet) for GPIOPadConfigSet
    gpio.o(i.GPIOPinTypeDIVSCLK) refers to gpio.o(i.GPIODirModeSet) for GPIODirModeSet
    gpio.o(i.GPIOPinTypeDIVSCLK) refers to gpio.o(i.GPIOPadConfigSet) for GPIOPadConfigSet
    gpio.o(i.GPIOPinTypeEPI) refers to gpio.o(i.GPIODirModeSet) for GPIODirModeSet
    gpio.o(i.GPIOPinTypeEPI) refers to gpio.o(i.GPIOPadConfigSet) for GPIOPadConfigSet
    gpio.o(i.GPIOPinTypeEthernetLED) refers to gpio.o(i.GPIODirModeSet) for GPIODirModeSet
    gpio.o(i.GPIOPinTypeEthernetLED) refers to gpio.o(i.GPIOPadConfigSet) for GPIOPadConfigSet
    gpio.o(i.GPIOPinTypeEthernetMII) refers to gpio.o(i.GPIODirModeSet) for GPIODirModeSet
    gpio.o(i.GPIOPinTypeEthernetMII) refers to gpio.o(i.GPIOPadConfigSet) for GPIOPadConfigSet
    gpio.o(i.GPIOPinTypeGPIOInput) refers to gpio.o(i.GPIODirModeSet) for GPIODirModeSet
    gpio.o(i.GPIOPinTypeGPIOInput) refers to gpio.o(i.GPIOPadConfigSet) for GPIOPadConfigSet
    gpio.o(i.GPIOPinTypeGPIOOutput) refers to gpio.o(i.GPIOPadConfigSet) for GPIOPadConfigSet
    gpio.o(i.GPIOPinTypeGPIOOutput) refers to gpio.o(i.GPIODirModeSet) for GPIODirModeSet
    gpio.o(i.GPIOPinTypeGPIOOutputOD) refers to gpio.o(i.GPIOPadConfigSet) for GPIOPadConfigSet
    gpio.o(i.GPIOPinTypeGPIOOutputOD) refers to gpio.o(i.GPIODirModeSet) for GPIODirModeSet
    gpio.o(i.GPIOPinTypeHibernateRTCCLK) refers to gpio.o(i.GPIODirModeSet) for GPIODirModeSet
    gpio.o(i.GPIOPinTypeHibernateRTCCLK) refers to gpio.o(i.GPIOPadConfigSet) for GPIOPadConfigSet
    gpio.o(i.GPIOPinTypeI2C) refers to gpio.o(i.GPIODirModeSet) for GPIODirModeSet
    gpio.o(i.GPIOPinTypeI2C) refers to gpio.o(i.GPIOPadConfigSet) for GPIOPadConfigSet
    gpio.o(i.GPIOPinTypeI2CSCL) refers to gpio.o(i.GPIODirModeSet) for GPIODirModeSet
    gpio.o(i.GPIOPinTypeI2CSCL) refers to gpio.o(i.GPIOPadConfigSet) for GPIOPadConfigSet
    gpio.o(i.GPIOPinTypeLCD) refers to gpio.o(i.GPIODirModeSet) for GPIODirModeSet
    gpio.o(i.GPIOPinTypeLCD) refers to gpio.o(i.GPIOPadConfigSet) for GPIOPadConfigSet
    gpio.o(i.GPIOPinTypeOneWire) refers to gpio.o(i.GPIODirModeSet) for GPIODirModeSet
    gpio.o(i.GPIOPinTypeOneWire) refers to gpio.o(i.GPIOPadConfigSet) for GPIOPadConfigSet
    gpio.o(i.GPIOPinTypePWM) refers to gpio.o(i.GPIODirModeSet) for GPIODirModeSet
    gpio.o(i.GPIOPinTypePWM) refers to gpio.o(i.GPIOPadConfigSet) for GPIOPadConfigSet
    gpio.o(i.GPIOPinTypeQEI) refers to gpio.o(i.GPIODirModeSet) for GPIODirModeSet
    gpio.o(i.GPIOPinTypeQEI) refers to gpio.o(i.GPIOPadConfigSet) for GPIOPadConfigSet
    gpio.o(i.GPIOPinTypeSSI) refers to gpio.o(i.GPIODirModeSet) for GPIODirModeSet
    gpio.o(i.GPIOPinTypeSSI) refers to gpio.o(i.GPIOPadConfigSet) for GPIOPadConfigSet
    gpio.o(i.GPIOPinTypeTimer) refers to gpio.o(i.GPIODirModeSet) for GPIODirModeSet
    gpio.o(i.GPIOPinTypeTimer) refers to gpio.o(i.GPIOPadConfigSet) for GPIOPadConfigSet
    gpio.o(i.GPIOPinTypeTrace) refers to gpio.o(i.GPIODirModeSet) for GPIODirModeSet
    gpio.o(i.GPIOPinTypeTrace) refers to gpio.o(i.GPIOPadConfigSet) for GPIOPadConfigSet
    gpio.o(i.GPIOPinTypeUART) refers to gpio.o(i.GPIODirModeSet) for GPIODirModeSet
    gpio.o(i.GPIOPinTypeUART) refers to gpio.o(i.GPIOPadConfigSet) for GPIOPadConfigSet
    gpio.o(i.GPIOPinTypeUSBAnalog) refers to gpio.o(i.GPIODirModeSet) for GPIODirModeSet
    gpio.o(i.GPIOPinTypeUSBAnalog) refers to gpio.o(i.GPIOPadConfigSet) for GPIOPadConfigSet
    gpio.o(i.GPIOPinTypeUSBDigital) refers to gpio.o(i.GPIODirModeSet) for GPIODirModeSet
    gpio.o(i.GPIOPinTypeUSBDigital) refers to gpio.o(i.GPIOPadConfigSet) for GPIOPadConfigSet
    gpio.o(i.GPIOPinTypeWakeHigh) refers to gpio.o(i.GPIODirModeSet) for GPIODirModeSet
    gpio.o(i.GPIOPinTypeWakeHigh) refers to gpio.o(i.GPIOPadConfigSet) for GPIOPadConfigSet
    gpio.o(i.GPIOPinTypeWakeLow) refers to gpio.o(i.GPIODirModeSet) for GPIODirModeSet
    gpio.o(i.GPIOPinTypeWakeLow) refers to gpio.o(i.GPIOPadConfigSet) for GPIOPadConfigSet
    gpio.o(i._GPIOIntNumberGet) refers to gpio.o(.constdata) for .constdata
    interrupt.o(i.IntDisable) refers to interrupt.o(.constdata) for .constdata
    interrupt.o(i.IntEnable) refers to interrupt.o(.constdata) for .constdata
    interrupt.o(i.IntIsEnabled) refers to interrupt.o(.constdata) for .constdata
    interrupt.o(i.IntMasterDisable) refers to cpu.o(.emb_text) for CPUcpsid
    interrupt.o(i.IntMasterEnable) refers to cpu.o(.emb_text) for CPUcpsie
    interrupt.o(i.IntPendClear) refers to interrupt.o(.constdata) for .constdata
    interrupt.o(i.IntPendSet) refers to interrupt.o(.constdata) for .constdata
    interrupt.o(i.IntPriorityGet) refers to interrupt.o(.constdata) for .constdata
    interrupt.o(i.IntPriorityGroupingGet) refers to interrupt.o(.constdata) for .constdata
    interrupt.o(i.IntPriorityGroupingSet) refers to interrupt.o(.constdata) for .constdata
    interrupt.o(i.IntPriorityMaskGet) refers to cpu.o(.emb_text) for CPUbasepriGet
    interrupt.o(i.IntPriorityMaskSet) refers to cpu.o(.emb_text) for CPUbasepriSet
    interrupt.o(i.IntPrioritySet) refers to interrupt.o(.constdata) for .constdata
    interrupt.o(i.IntRegister) refers to interrupt.o(vtable) for vtable
    interrupt.o(i.IntUnregister) refers to interrupt.o(i._IntDefaultHandler) for _IntDefaultHandler
    interrupt.o(i.IntUnregister) refers to interrupt.o(vtable) for vtable
    sysctl.o(i.SysCtlClockFreqSet) refers to sysctl.o(.constdata) for .constdata
    sysctl.o(i.SysCtlClockGet) refers to sysctl.o(.constdata) for .constdata
    sysctl.o(i.SysCtlClockSet) refers to sysctl.o(.emb_text) for SysCtlDelay
    sysctl.o(i.SysCtlDeepSleep) refers to cpu.o(.emb_text) for CPUwfi
    sysctl.o(i.SysCtlIntRegister) refers to interrupt.o(i.IntRegister) for IntRegister
    sysctl.o(i.SysCtlIntRegister) refers to interrupt.o(i.IntEnable) for IntEnable
    sysctl.o(i.SysCtlIntUnregister) refers to interrupt.o(i.IntDisable) for IntDisable
    sysctl.o(i.SysCtlIntUnregister) refers to interrupt.o(i.IntUnregister) for IntUnregister
    sysctl.o(i.SysCtlSleep) refers to cpu.o(.emb_text) for CPUwfi
    sysctl.o(i.SysCtlVCOGet) refers to sysctl.o(.constdata) for .constdata
    __2sprintf.o(.text) refers to _printf_char_common.o(.text) for _printf_char_common
    __2sprintf.o(.text) refers to _sputc.o(.text) for _sputc
    noretval__2sprintf.o(.text) refers to _printf_char_common.o(.text) for _printf_char_common
    noretval__2sprintf.o(.text) refers to _sputc.o(.text) for _sputc
    __printf.o(.text) refers to _printf_percent.o(.ARM.Collect$$_printf_percent$$00000000) for _printf_percent
    _printf_dec.o(.text) refers to _printf_intcommon.o(.text) for _printf_int_common
    __printf_flags.o(.text) refers to _printf_percent.o(.ARM.Collect$$_printf_percent$$00000000) for _printf_percent
    __printf_flags.o(.text) refers to __printf_flags.o(.constdata) for .constdata
    __printf_ss.o(.text) refers to _printf_percent.o(.ARM.Collect$$_printf_percent$$00000000) for _printf_percent
    __printf_flags_ss.o(.text) refers to _printf_percent.o(.ARM.Collect$$_printf_percent$$00000000) for _printf_percent
    __printf_flags_ss.o(.text) refers to __printf_flags_ss.o(.constdata) for .constdata
    __printf_wp.o(.text) refers to __printf_wp.o(i._is_digit) for _is_digit
    __printf_wp.o(.text) refers to _printf_percent.o(.ARM.Collect$$_printf_percent$$00000000) for _printf_percent
    __printf_flags_wp.o(.text) refers to __printf_wp.o(i._is_digit) for _is_digit
    __printf_flags_wp.o(.text) refers to _printf_percent.o(.ARM.Collect$$_printf_percent$$00000000) for _printf_percent
    __printf_flags_wp.o(.text) refers to __printf_flags_wp.o(.constdata) for .constdata
    __printf_ss_wp.o(.text) refers to __printf_wp.o(i._is_digit) for _is_digit
    __printf_ss_wp.o(.text) refers to _printf_percent.o(.ARM.Collect$$_printf_percent$$00000000) for _printf_percent
    __printf_flags_ss_wp.o(.text) refers to __printf_wp.o(i._is_digit) for _is_digit
    __printf_flags_ss_wp.o(.text) refers to _printf_percent.o(.ARM.Collect$$_printf_percent$$00000000) for _printf_percent
    __printf_flags_ss_wp.o(.text) refers to __printf_flags_ss_wp.o(.constdata) for .constdata
    _printf_d.o(.ARM.Collect$$_printf_percent$$00000009) refers (Weak) to _printf_dec.o(.text) for _printf_int_dec
    _printf_percent.o(.ARM.Collect$$_printf_percent$$00000000) refers (Special) to _printf_percent_end.o(.ARM.Collect$$_printf_percent$$00000017) for _printf_percent_end
    rt_memmove_v6.o(.text) refers to rt_memcpy_v6.o(.text) for __aeabi_memcpy
    rt_memmove_v6.o(.text) refers to rt_memmove_w.o(.text) for __memmove_aligned
    __main.o(!!!main) refers to __rtentry.o(.ARM.Collect$$rtentry$$00000000) for __rt_entry
    __rtentry.o(.ARM.Collect$$rtentry$$00000000) refers (Special) to __rtentry2.o(.ARM.Collect$$rtentry$$0000000A) for __rt_entry_li
    __rtentry.o(.ARM.Collect$$rtentry$$00000000) refers (Special) to __rtentry2.o(.ARM.Collect$$rtentry$$0000000D) for __rt_entry_main
    __rtentry.o(.ARM.Collect$$rtentry$$00000000) refers (Special) to __rtentry2.o(.ARM.Collect$$rtentry$$0000000C) for __rt_entry_postli_1
    __rtentry.o(.ARM.Collect$$rtentry$$00000000) refers (Special) to __rtentry2.o(.ARM.Collect$$rtentry$$00000009) for __rt_entry_postsh_1
    __rtentry.o(.ARM.Collect$$rtentry$$00000000) refers (Special) to __rtentry2.o(.ARM.Collect$$rtentry$$00000002) for __rt_entry_presh_1
    __rtentry.o(.ARM.Collect$$rtentry$$00000000) refers (Special) to __rtentry4.o(.ARM.Collect$$rtentry$$00000004) for __rt_entry_sh
    _printf_char_common.o(.text) refers to __printf.o(.text) for __printf
    rt_memcpy_v6.o(.text) refers to rt_memcpy_w.o(.text) for __aeabi_memcpy4
    rt_memmove_w.o(.text) refers to rt_memcpy_w.o(.text) for __aeabi_memcpy4
    __rtentry2.o(.ARM.Collect$$rtentry$$00000008) refers to boardinit2.o(.text) for _platform_post_stackheap_init
    __rtentry2.o(.ARM.Collect$$rtentry$$0000000A) refers to libinit.o(.ARM.Collect$$libinit$$00000000) for __rt_lib_init
    __rtentry2.o(.ARM.Collect$$rtentry$$0000000B) refers to boardinit3.o(.text) for _platform_post_lib_init
    __rtentry2.o(.ARM.Collect$$rtentry$$0000000D) refers to main.o(i.main) for main
    __rtentry2.o(.ARM.Collect$$rtentry$$0000000D) refers to exit.o(.text) for exit
    __rtentry2.o(.ARM.exidx) refers to __rtentry2.o(.ARM.Collect$$rtentry$$00000001) for .ARM.Collect$$rtentry$$00000001
    __rtentry2.o(.ARM.exidx) refers to __rtentry2.o(.ARM.Collect$$rtentry$$00000008) for .ARM.Collect$$rtentry$$00000008
    __rtentry2.o(.ARM.exidx) refers to __rtentry2.o(.ARM.Collect$$rtentry$$0000000A) for .ARM.Collect$$rtentry$$0000000A
    __rtentry2.o(.ARM.exidx) refers to __rtentry2.o(.ARM.Collect$$rtentry$$0000000B) for .ARM.Collect$$rtentry$$0000000B
    __rtentry2.o(.ARM.exidx) refers to __rtentry2.o(.ARM.Collect$$rtentry$$0000000D) for .ARM.Collect$$rtentry$$0000000D
    __rtentry4.o(.ARM.Collect$$rtentry$$00000004) refers to sys_stackheap_outer.o(.text) for __user_setup_stackheap
    __rtentry4.o(.ARM.exidx) refers to __rtentry4.o(.ARM.Collect$$rtentry$$00000004) for .ARM.Collect$$rtentry$$00000004
    sys_stackheap_outer.o(.text) refers to libspace.o(.text) for __user_perproc_libspace
    sys_stackheap_outer.o(.text) refers to startup_rvmdk.o(.text) for __user_initial_stackheap
    exit.o(.text) refers to rtexit.o(.ARM.Collect$$rtexit$$00000000) for __rt_exit
    libinit.o(.ARM.Collect$$libinit$$00000000) refers (Special) to libinit2.o(.ARM.Collect$$libinit$$0000002E) for __rt_lib_init_alloca_1
    libinit.o(.ARM.Collect$$libinit$$00000000) refers (Special) to libinit2.o(.ARM.Collect$$libinit$$0000002C) for __rt_lib_init_argv_1
    libinit.o(.ARM.Collect$$libinit$$00000000) refers (Special) to libinit2.o(.ARM.Collect$$libinit$$0000001B) for __rt_lib_init_atexit_1
    libinit.o(.ARM.Collect$$libinit$$00000000) refers (Special) to libinit2.o(.ARM.Collect$$libinit$$00000021) for __rt_lib_init_clock_1
    libinit.o(.ARM.Collect$$libinit$$00000000) refers (Special) to libinit2.o(.ARM.Collect$$libinit$$00000032) for __rt_lib_init_cpp_1
    libinit.o(.ARM.Collect$$libinit$$00000000) refers (Special) to libinit2.o(.ARM.Collect$$libinit$$00000030) for __rt_lib_init_exceptions_1
    libinit.o(.ARM.Collect$$libinit$$00000000) refers (Special) to libinit2.o(.ARM.Collect$$libinit$$00000001) for __rt_lib_init_fp_1
    libinit.o(.ARM.Collect$$libinit$$00000000) refers (Special) to libinit2.o(.ARM.Collect$$libinit$$0000001F) for __rt_lib_init_fp_trap_1
    libinit.o(.ARM.Collect$$libinit$$00000000) refers (Special) to libinit2.o(.ARM.Collect$$libinit$$00000023) for __rt_lib_init_getenv_1
    libinit.o(.ARM.Collect$$libinit$$00000000) refers (Special) to libinit2.o(.ARM.Collect$$libinit$$0000000A) for __rt_lib_init_heap_1
    libinit.o(.ARM.Collect$$libinit$$00000000) refers (Special) to libinit2.o(.ARM.Collect$$libinit$$00000011) for __rt_lib_init_lc_collate_1
    libinit.o(.ARM.Collect$$libinit$$00000000) refers (Special) to libinit2.o(.ARM.Collect$$libinit$$00000013) for __rt_lib_init_lc_ctype_1
    libinit.o(.ARM.Collect$$libinit$$00000000) refers (Special) to libinit2.o(.ARM.Collect$$libinit$$00000015) for __rt_lib_init_lc_monetary_1
    libinit.o(.ARM.Collect$$libinit$$00000000) refers (Special) to libinit2.o(.ARM.Collect$$libinit$$00000017) for __rt_lib_init_lc_numeric_1
    libinit.o(.ARM.Collect$$libinit$$00000000) refers (Special) to libinit2.o(.ARM.Collect$$libinit$$00000019) for __rt_lib_init_lc_time_1
    libinit.o(.ARM.Collect$$libinit$$00000000) refers (Special) to libinit2.o(.ARM.Collect$$libinit$$00000004) for __rt_lib_init_preinit_1
    libinit.o(.ARM.Collect$$libinit$$00000000) refers (Special) to libinit2.o(.ARM.Collect$$libinit$$0000000E) for __rt_lib_init_rand_1
    libinit.o(.ARM.Collect$$libinit$$00000000) refers (Special) to libinit2.o(.ARM.Collect$$libinit$$00000033) for __rt_lib_init_return
    libinit.o(.ARM.Collect$$libinit$$00000000) refers (Special) to libinit2.o(.ARM.Collect$$libinit$$0000001D) for __rt_lib_init_signal_1
    libinit.o(.ARM.Collect$$libinit$$00000000) refers (Special) to libinit2.o(.ARM.Collect$$libinit$$00000025) for __rt_lib_init_stdio_1
    libinit.o(.ARM.Collect$$libinit$$00000000) refers (Special) to libinit2.o(.ARM.Collect$$libinit$$0000000C) for __rt_lib_init_user_alloc_1
    libspace.o(.text) refers to libspace.o(.bss) for __libspace_start
    rtexit.o(.ARM.Collect$$rtexit$$00000000) refers (Special) to rtexit2.o(.ARM.Collect$$rtexit$$00000004) for __rt_exit_exit
    rtexit.o(.ARM.Collect$$rtexit$$00000000) refers (Special) to rtexit2.o(.ARM.Collect$$rtexit$$00000003) for __rt_exit_ls
    rtexit.o(.ARM.Collect$$rtexit$$00000000) refers (Special) to rtexit2.o(.ARM.Collect$$rtexit$$00000002) for __rt_exit_prels_1
    rtexit.o(.ARM.exidx) refers (Special) to rtexit2.o(.ARM.Collect$$rtexit$$00000004) for __rt_exit_exit
    rtexit.o(.ARM.exidx) refers (Special) to rtexit2.o(.ARM.Collect$$rtexit$$00000003) for __rt_exit_ls
    rtexit.o(.ARM.exidx) refers (Special) to rtexit2.o(.ARM.Collect$$rtexit$$00000002) for __rt_exit_prels_1
    rtexit.o(.ARM.exidx) refers to rtexit.o(.ARM.Collect$$rtexit$$00000000) for .ARM.Collect$$rtexit$$00000000
    libinit2.o(.ARM.Collect$$libinit$$00000001) refers to fpinit.o(x$fpl$fpinit) for _fp_init
    libinit2.o(.ARM.Collect$$libinit$$00000010) refers to libinit2.o(.ARM.Collect$$libinit$$0000000F) for .ARM.Collect$$libinit$$0000000F
    libinit2.o(.ARM.Collect$$libinit$$00000012) refers to libinit2.o(.ARM.Collect$$libinit$$0000000F) for .ARM.Collect$$libinit$$0000000F
    libinit2.o(.ARM.Collect$$libinit$$00000014) refers to libinit2.o(.ARM.Collect$$libinit$$0000000F) for .ARM.Collect$$libinit$$0000000F
    libinit2.o(.ARM.Collect$$libinit$$00000016) refers to libinit2.o(.ARM.Collect$$libinit$$0000000F) for .ARM.Collect$$libinit$$0000000F
    libinit2.o(.ARM.Collect$$libinit$$00000018) refers to libinit2.o(.ARM.Collect$$libinit$$0000000F) for .ARM.Collect$$libinit$$0000000F
    libinit2.o(.ARM.Collect$$libinit$$00000026) refers to argv_veneer.o(.emb_text) for __ARM_argv_veneer
    libinit2.o(.ARM.Collect$$libinit$$00000027) refers to argv_veneer.o(.emb_text) for __ARM_argv_veneer
    rtexit2.o(.ARM.Collect$$rtexit$$00000003) refers to libshutdown.o(.ARM.Collect$$libshutdown$$00000000) for __rt_lib_shutdown
    rtexit2.o(.ARM.Collect$$rtexit$$00000004) refers to sys_exit.o(.text) for _sys_exit
    rtexit2.o(.ARM.exidx) refers to rtexit2.o(.ARM.Collect$$rtexit$$00000001) for .ARM.Collect$$rtexit$$00000001
    rtexit2.o(.ARM.exidx) refers to rtexit2.o(.ARM.Collect$$rtexit$$00000003) for .ARM.Collect$$rtexit$$00000003
    rtexit2.o(.ARM.exidx) refers to rtexit2.o(.ARM.Collect$$rtexit$$00000004) for .ARM.Collect$$rtexit$$00000004
    argv_veneer.o(.emb_text) refers to no_argv.o(.text) for __ARM_get_argv
    sys_exit.o(.text) refers (Special) to use_no_semi.o(.text) for __I$use$semihosting
    sys_exit.o(.text) refers (Special) to indicate_semi.o(.text) for __semihosting_library_function
    _get_argv_nomalloc.o(.text) refers (Special) to hrguard.o(.text) for __heap_region$guard
    _get_argv_nomalloc.o(.text) refers to defsig_rtmem_outer.o(.text) for __rt_SIGRTMEM
    _get_argv_nomalloc.o(.text) refers to sys_command.o(.text) for _sys_command_string
    libshutdown.o(.ARM.Collect$$libshutdown$$00000000) refers (Special) to libshutdown2.o(.ARM.Collect$$libshutdown$$00000004) for __rt_lib_shutdown_cpp_1
    libshutdown.o(.ARM.Collect$$libshutdown$$00000000) refers (Special) to libshutdown2.o(.ARM.Collect$$libshutdown$$00000002) for __rt_lib_shutdown_fini_1
    libshutdown.o(.ARM.Collect$$libshutdown$$00000000) refers (Special) to libshutdown2.o(.ARM.Collect$$libshutdown$$00000009) for __rt_lib_shutdown_fp_trap_1
    libshutdown.o(.ARM.Collect$$libshutdown$$00000000) refers (Special) to libshutdown2.o(.ARM.Collect$$libshutdown$$00000011) for __rt_lib_shutdown_heap_1
    libshutdown.o(.ARM.Collect$$libshutdown$$00000000) refers (Special) to libshutdown2.o(.ARM.Collect$$libshutdown$$00000012) for __rt_lib_shutdown_return
    libshutdown.o(.ARM.Collect$$libshutdown$$00000000) refers (Special) to libshutdown2.o(.ARM.Collect$$libshutdown$$0000000C) for __rt_lib_shutdown_signal_1
    libshutdown.o(.ARM.Collect$$libshutdown$$00000000) refers (Special) to libshutdown2.o(.ARM.Collect$$libshutdown$$00000006) for __rt_lib_shutdown_stdio_1
    libshutdown.o(.ARM.Collect$$libshutdown$$00000000) refers (Special) to libshutdown2.o(.ARM.Collect$$libshutdown$$0000000E) for __rt_lib_shutdown_user_alloc_1
    sys_command.o(.text) refers (Special) to use_no_semi.o(.text) for __I$use$semihosting
    sys_command.o(.text) refers (Special) to indicate_semi.o(.text) for __semihosting_library_function
    defsig_rtmem_outer.o(.text) refers to defsig_rtmem_inner.o(.text) for __rt_SIGRTMEM_inner
    defsig_rtmem_outer.o(.text) refers to defsig_exit.o(.text) for __sig_exit
    defsig_rtmem_formal.o(.text) refers to rt_raise.o(.text) for __rt_raise
    rt_raise.o(.text) refers to __raise.o(.text) for __raise
    rt_raise.o(.text) refers to sys_exit.o(.text) for _sys_exit
    defsig_exit.o(.text) refers to sys_exit.o(.text) for _sys_exit
    defsig_rtmem_inner.o(.text) refers to defsig_general.o(.text) for __default_signal_display
    __raise.o(.text) refers to defsig.o(CL$$defsig) for __default_signal_handler
    defsig_general.o(.text) refers to sys_wrch.o(.text) for _ttywrch
    sys_wrch.o(.text) refers (Special) to use_no_semi.o(.text) for __I$use$semihosting
    sys_wrch.o(.text) refers (Special) to indicate_semi.o(.text) for __semihosting_library_function
    defsig.o(CL$$defsig) refers to defsig_rtmem_inner.o(.text) for __rt_SIGRTMEM_inner
    defsig_abrt_inner.o(.text) refers to defsig_general.o(.text) for __default_signal_display
    defsig_fpe_inner.o(.text) refers to defsig_general.o(.text) for __default_signal_display
    defsig_rtred_inner.o(.text) refers to defsig_general.o(.text) for __default_signal_display
    defsig_stak_inner.o(.text) refers to defsig_general.o(.text) for __default_signal_display
    defsig_pvfn_inner.o(.text) refers to defsig_general.o(.text) for __default_signal_display
    defsig_cppl_inner.o(.text) refers to defsig_general.o(.text) for __default_signal_display
    defsig_segv_inner.o(.text) refers to defsig_general.o(.text) for __default_signal_display
    defsig_other.o(.text) refers to defsig_general.o(.text) for __default_signal_display


==============================================================================

Removing Unused input sections from the image.

    Removing display.o(i.OLED_Data), (16 bytes).
    Removing adc.o(i.ADCBusy), (8 bytes).
    Removing adc.o(i.ADCClockConfigGet), (40 bytes).
    Removing adc.o(i.ADCClockConfigSet), (28 bytes).
    Removing adc.o(i.ADCComparatorConfigure), (10 bytes).
    Removing adc.o(i.ADCComparatorIntClear), (4 bytes).
    Removing adc.o(i.ADCComparatorIntDisable), (18 bytes).
    Removing adc.o(i.ADCComparatorIntEnable), (16 bytes).
    Removing adc.o(i.ADCComparatorIntStatus), (4 bytes).
    Removing adc.o(i.ADCComparatorRegionSet), (14 bytes).
    Removing adc.o(i.ADCComparatorReset), (40 bytes).
    Removing adc.o(i.ADCHardwareOversampleConfigure), (18 bytes).
    Removing adc.o(i.ADCIntClearEx), (4 bytes).
    Removing adc.o(i.ADCIntDisable), (16 bytes).
    Removing adc.o(i.ADCIntDisableEx), (10 bytes).
    Removing adc.o(i.ADCIntEnable), (16 bytes).
    Removing adc.o(i.ADCIntRegister), (104 bytes).
    Removing adc.o(i.ADCIntStatus), (52 bytes).
    Removing adc.o(i.ADCIntStatusEx), (22 bytes).
    Removing adc.o(i.ADCIntUnregister), (108 bytes).
    Removing adc.o(i.ADCPhaseDelayGet), (4 bytes).
    Removing adc.o(i.ADCPhaseDelaySet), (4 bytes).
    Removing adc.o(i.ADCReferenceGet), (8 bytes).
    Removing adc.o(i.ADCReferenceSet), (12 bytes).
    Removing adc.o(i.ADCSequenceDMADisable), (18 bytes).
    Removing adc.o(i.ADCSequenceDMAEnable), (16 bytes).
    Removing adc.o(i.ADCSequenceOverflow), (12 bytes).
    Removing adc.o(i.ADCSequenceOverflowClear), (10 bytes).
    Removing adc.o(i.ADCSequenceUnderflow), (12 bytes).
    Removing adc.o(i.ADCSequenceUnderflowClear), (10 bytes).
    Removing adc.o(i.ADCSoftwareOversampleConfigure), (44 bytes).
    Removing adc.o(i.ADCSoftwareOversampleDataGet), (88 bytes).
    Removing adc.o(i.ADCSoftwareOversampleStepConfigure), (168 bytes).
    Removing adc.o(.data), (6 bytes).
    Removing gpio.o(i.GPIOADCTriggerDisable), (14 bytes).
    Removing gpio.o(i.GPIOADCTriggerEnable), (12 bytes).
    Removing gpio.o(i.GPIODMATriggerDisable), (14 bytes).
    Removing gpio.o(i.GPIODMATriggerEnable), (12 bytes).
    Removing gpio.o(i.GPIODirModeGet), (34 bytes).
    Removing gpio.o(i.GPIOIntClear), (6 bytes).
    Removing gpio.o(i.GPIOIntDisable), (14 bytes).
    Removing gpio.o(i.GPIOIntEnable), (12 bytes).
    Removing gpio.o(i.GPIOIntRegister), (26 bytes).
    Removing gpio.o(i.GPIOIntRegisterPin), (30 bytes).
    Removing gpio.o(i.GPIOIntStatus), (14 bytes).
    Removing gpio.o(i.GPIOIntTypeGet), (70 bytes).
    Removing gpio.o(i.GPIOIntTypeSet), (80 bytes).
    Removing gpio.o(i.GPIOIntUnregister), (22 bytes).
    Removing gpio.o(i.GPIOIntUnregisterPin), (26 bytes).
    Removing gpio.o(i.GPIOPadConfigGet), (248 bytes).
    Removing gpio.o(i.GPIOPinConfigure), (68 bytes).
    Removing gpio.o(i.GPIOPinRead), (6 bytes).
    Removing gpio.o(i.GPIOPinTypeCAN), (28 bytes).
    Removing gpio.o(i.GPIOPinTypeComparator), (28 bytes).
    Removing gpio.o(i.GPIOPinTypeComparatorOutput), (28 bytes).
    Removing gpio.o(i.GPIOPinTypeDIVSCLK), (28 bytes).
    Removing gpio.o(i.GPIOPinTypeEPI), (28 bytes).
    Removing gpio.o(i.GPIOPinTypeEthernetLED), (28 bytes).
    Removing gpio.o(i.GPIOPinTypeEthernetMII), (28 bytes).
    Removing gpio.o(i.GPIOPinTypeGPIOInput), (28 bytes).
    Removing gpio.o(i.GPIOPinTypeGPIOOutput), (28 bytes).
    Removing gpio.o(i.GPIOPinTypeGPIOOutputOD), (28 bytes).
    Removing gpio.o(i.GPIOPinTypeHibernateRTCCLK), (28 bytes).
    Removing gpio.o(i.GPIOPinTypeI2C), (28 bytes).
    Removing gpio.o(i.GPIOPinTypeI2CSCL), (28 bytes).
    Removing gpio.o(i.GPIOPinTypeLCD), (28 bytes).
    Removing gpio.o(i.GPIOPinTypeOneWire), (28 bytes).
    Removing gpio.o(i.GPIOPinTypePWM), (28 bytes).
    Removing gpio.o(i.GPIOPinTypeQEI), (28 bytes).
    Removing gpio.o(i.GPIOPinTypeSSI), (28 bytes).
    Removing gpio.o(i.GPIOPinTypeTimer), (28 bytes).
    Removing gpio.o(i.GPIOPinTypeTrace), (28 bytes).
    Removing gpio.o(i.GPIOPinTypeUART), (28 bytes).
    Removing gpio.o(i.GPIOPinTypeUSBAnalog), (28 bytes).
    Removing gpio.o(i.GPIOPinTypeUSBDigital), (28 bytes).
    Removing gpio.o(i.GPIOPinTypeWakeHigh), (30 bytes).
    Removing gpio.o(i.GPIOPinTypeWakeLow), (30 bytes).
    Removing gpio.o(i.GPIOPinWakeStatus), (6 bytes).
    Removing gpio.o(i.GPIOPinWrite), (6 bytes).
    Removing gpio.o(i.GPIOUnlockPin), (24 bytes).
    Removing gpio.o(i._GPIOIntNumberGet), (80 bytes).
    Removing gpio.o(.constdata), (552 bytes).
    Removing interrupt.o(i.IntDisable), (100 bytes).
    Removing interrupt.o(i.IntIsEnabled), (96 bytes).
    Removing interrupt.o(i.IntPendClear), (68 bytes).
    Removing interrupt.o(i.IntPendSet), (84 bytes).
    Removing interrupt.o(i.IntPriorityGet), (28 bytes).
    Removing interrupt.o(i.IntPriorityGroupingGet), (36 bytes).
    Removing interrupt.o(i.IntPriorityGroupingSet), (28 bytes).
    Removing interrupt.o(i.IntPriorityMaskGet), (4 bytes).
    Removing interrupt.o(i.IntPriorityMaskSet), (4 bytes).
    Removing interrupt.o(i.IntRegister), (52 bytes).
    Removing interrupt.o(i.IntTrigger), (12 bytes).
    Removing interrupt.o(i.IntUnregister), (20 bytes).
    Removing interrupt.o(i._IntDefaultHandler), (2 bytes).
    Removing interrupt.o(vtable), (620 bytes).
    Removing sysctl.o(i.SysCtlAltClkConfig), (12 bytes).
    Removing sysctl.o(i.SysCtlClockFreqSet), (740 bytes).
    Removing sysctl.o(i.SysCtlClockGet), (340 bytes).
    Removing sysctl.o(i.SysCtlClockOutConfig), (20 bytes).
    Removing sysctl.o(i.SysCtlDeepSleep), (32 bytes).
    Removing sysctl.o(i.SysCtlDeepSleepClockConfigSet), (112 bytes).
    Removing sysctl.o(i.SysCtlDeepSleepClockSet), (12 bytes).
    Removing sysctl.o(i.SysCtlDeepSleepPowerSet), (12 bytes).
    Removing sysctl.o(i.SysCtlFlashSectorSizeGet), (56 bytes).
    Removing sysctl.o(i.SysCtlFlashSizeGet), (56 bytes).
    Removing sysctl.o(i.SysCtlGPIOAHBDisable), (28 bytes).
    Removing sysctl.o(i.SysCtlGPIOAHBEnable), (24 bytes).
    Removing sysctl.o(i.SysCtlIntClear), (12 bytes).
    Removing sysctl.o(i.SysCtlIntDisable), (16 bytes).
    Removing sysctl.o(i.SysCtlIntEnable), (16 bytes).
    Removing sysctl.o(i.SysCtlIntRegister), (20 bytes).
    Removing sysctl.o(i.SysCtlIntStatus), (16 bytes).
    Removing sysctl.o(i.SysCtlIntUnregister), (18 bytes).
    Removing sysctl.o(i.SysCtlLDODeepSleepGet), (12 bytes).
    Removing sysctl.o(i.SysCtlLDODeepSleepSet), (12 bytes).
    Removing sysctl.o(i.SysCtlLDOSleepGet), (12 bytes).
    Removing sysctl.o(i.SysCtlLDOSleepSet), (12 bytes).
    Removing sysctl.o(i.SysCtlMOSCConfigSet), (12 bytes).
    Removing sysctl.o(i.SysCtlNMIClear), (16 bytes).
    Removing sysctl.o(i.SysCtlNMIStatus), (12 bytes).
    Removing sysctl.o(i.SysCtlPIOSCCalibrate), (76 bytes).
    Removing sysctl.o(i.SysCtlPWMClockGet), (24 bytes).
    Removing sysctl.o(i.SysCtlPWMClockSet), (20 bytes).
    Removing sysctl.o(i.SysCtlPeripheralClockGating), (68 bytes).
    Removing sysctl.o(i.SysCtlPeripheralDeepSleepDisable), (40 bytes).
    Removing sysctl.o(i.SysCtlPeripheralDeepSleepEnable), (40 bytes).
    Removing sysctl.o(i.SysCtlPeripheralDisable), (40 bytes).
    Removing sysctl.o(i.SysCtlPeripheralPowerOff), (40 bytes).
    Removing sysctl.o(i.SysCtlPeripheralPowerOn), (40 bytes).
    Removing sysctl.o(i.SysCtlPeripheralPresent), (44 bytes).
    Removing sysctl.o(i.SysCtlPeripheralReady), (44 bytes).
    Removing sysctl.o(i.SysCtlPeripheralReset), (60 bytes).
    Removing sysctl.o(i.SysCtlPeripheralSleepDisable), (40 bytes).
    Removing sysctl.o(i.SysCtlPeripheralSleepEnable), (40 bytes).
    Removing sysctl.o(i.SysCtlReset), (16 bytes).
    Removing sysctl.o(i.SysCtlResetBehaviorGet), (12 bytes).
    Removing sysctl.o(i.SysCtlResetBehaviorSet), (12 bytes).
    Removing sysctl.o(i.SysCtlResetCauseClear), (16 bytes).
    Removing sysctl.o(i.SysCtlResetCauseGet), (12 bytes).
    Removing sysctl.o(i.SysCtlSRAMSizeGet), (16 bytes).
    Removing sysctl.o(i.SysCtlSleep), (4 bytes).
    Removing sysctl.o(i.SysCtlSleepPowerSet), (12 bytes).
    Removing sysctl.o(i.SysCtlUSBPLLDisable), (16 bytes).
    Removing sysctl.o(i.SysCtlUSBPLLEnable), (16 bytes).
    Removing sysctl.o(i.SysCtlVCOGet), (120 bytes).
    Removing sysctl.o(i.SysCtlVoltageEventClear), (16 bytes).
    Removing sysctl.o(i.SysCtlVoltageEventConfig), (12 bytes).
    Removing sysctl.o(i.SysCtlVoltageEventStatus), (12 bytes).
    Removing sysctl.o(.constdata), (596 bytes).

150 unused section(s) (total 7328 bytes) removed from the image.

==============================================================================

Image Symbol Table

    Local Symbols

    Symbol Name                              Value     Ov Type        Size  Object(Section)

    RESET                                    0x00000000   Section      648  startup_rvmdk.o(RESET)
    ../clib/angel/boardlib.s                 0x00000000   Number         0  boardinit1.o ABSOLUTE
    ../clib/angel/boardlib.s                 0x00000000   Number         0  boardinit3.o ABSOLUTE
    ../clib/angel/boardlib.s                 0x00000000   Number         0  boardinit2.o ABSOLUTE
    ../clib/angel/boardlib.s                 0x00000000   Number         0  boardshut.o ABSOLUTE
    ../clib/angel/handlers.s                 0x00000000   Number         0  __scatter_copy.o ABSOLUTE
    ../clib/angel/handlers.s                 0x00000000   Number         0  __scatter_zi.o ABSOLUTE
    ../clib/angel/kernel.s                   0x00000000   Number         0  rtexit.o ABSOLUTE
    ../clib/angel/kernel.s                   0x00000000   Number         0  __rtentry2.o ABSOLUTE
    ../clib/angel/kernel.s                   0x00000000   Number         0  __rtentry.o ABSOLUTE
    ../clib/angel/kernel.s                   0x00000000   Number         0  rtexit2.o ABSOLUTE
    ../clib/angel/kernel.s                   0x00000000   Number         0  __rtentry4.o ABSOLUTE
    ../clib/angel/rt.s                       0x00000000   Number         0  rt_raise.o ABSOLUTE
    ../clib/angel/scatter.s                  0x00000000   Number         0  __scatter.o ABSOLUTE
    ../clib/angel/startup.s                  0x00000000   Number         0  __main.o ABSOLUTE
    ../clib/angel/sys.s                      0x00000000   Number         0  libspace.o ABSOLUTE
    ../clib/angel/sys.s                      0x00000000   Number         0  sys_stackheap_outer.o ABSOLUTE
    ../clib/angel/sys.s                      0x00000000   Number         0  indicate_semi.o ABSOLUTE
    ../clib/angel/sys.s                      0x00000000   Number         0  use_no_semi.o ABSOLUTE
    ../clib/angel/sysapp.c                   0x00000000   Number         0  sys_command.o ABSOLUTE
    ../clib/angel/sysapp.c                   0x00000000   Number         0  sys_exit.o ABSOLUTE
    ../clib/angel/sysapp.c                   0x00000000   Number         0  sys_wrch.o ABSOLUTE
    ../clib/armsys.c                         0x00000000   Number         0  _get_argv_nomalloc.o ABSOLUTE
    ../clib/armsys.c                         0x00000000   Number         0  no_argv.o ABSOLUTE
    ../clib/armsys.c                         0x00000000   Number         0  argv_veneer.o ABSOLUTE
    ../clib/armsys.c                         0x00000000   Number         0  argv_veneer.o ABSOLUTE
    ../clib/heapalloc.c                      0x00000000   Number         0  hrguard.o ABSOLUTE
    ../clib/heapaux.c                        0x00000000   Number         0  heapauxi.o ABSOLUTE
    ../clib/libinit.s                        0x00000000   Number         0  libinit.o ABSOLUTE
    ../clib/libinit.s                        0x00000000   Number         0  libshutdown.o ABSOLUTE
    ../clib/libinit.s                        0x00000000   Number         0  libshutdown2.o ABSOLUTE
    ../clib/libinit.s                        0x00000000   Number         0  libinit2.o ABSOLUTE
    ../clib/memcpset.s                       0x00000000   Number         0  rt_memcpy_w.o ABSOLUTE
    ../clib/memcpset.s                       0x00000000   Number         0  rt_memcpy_v6.o ABSOLUTE
    ../clib/memcpset.s                       0x00000000   Number         0  rt_memmove_v6.o ABSOLUTE
    ../clib/memcpset.s                       0x00000000   Number         0  rt_memmove_w.o ABSOLUTE
    ../clib/printf.c                         0x00000000   Number         0  _sputc.o ABSOLUTE
    ../clib/printf.c                         0x00000000   Number         0  __printf_nopercent.o ABSOLUTE
    ../clib/printf.c                         0x00000000   Number         0  __printf_ss.o ABSOLUTE
    ../clib/printf.c                         0x00000000   Number         0  noretval__2sprintf.o ABSOLUTE
    ../clib/printf.c                         0x00000000   Number         0  __printf.o ABSOLUTE
    ../clib/printf.c                         0x00000000   Number         0  _printf_dec.o ABSOLUTE
    ../clib/printf.c                         0x00000000   Number         0  __printf_flags_ss.o ABSOLUTE
    ../clib/printf.c                         0x00000000   Number         0  __printf_wp.o ABSOLUTE
    ../clib/printf.c                         0x00000000   Number         0  __printf_flags_wp.o ABSOLUTE
    ../clib/printf.c                         0x00000000   Number         0  __printf_ss_wp.o ABSOLUTE
    ../clib/printf.c                         0x00000000   Number         0  __printf_flags_ss_wp.o ABSOLUTE
    ../clib/printf.c                         0x00000000   Number         0  __printf_flags.o ABSOLUTE
    ../clib/printf.c                         0x00000000   Number         0  _printf_intcommon.o ABSOLUTE
    ../clib/printf.c                         0x00000000   Number         0  _printf_char_common.o ABSOLUTE
    ../clib/printf.c                         0x00000000   Number         0  __2sprintf.o ABSOLUTE
    ../clib/printf_percent.s                 0x00000000   Number         0  _printf_d.o ABSOLUTE
    ../clib/printf_percent.s                 0x00000000   Number         0  _printf_percent_end.o ABSOLUTE
    ../clib/printf_percent.s                 0x00000000   Number         0  _printf_percent.o ABSOLUTE
    ../clib/signal.c                         0x00000000   Number         0  __raise.o ABSOLUTE
    ../clib/signal.c                         0x00000000   Number         0  defsig_rtmem_inner.o ABSOLUTE
    ../clib/signal.c                         0x00000000   Number         0  defsig_exit.o ABSOLUTE
    ../clib/signal.c                         0x00000000   Number         0  defsig_rtmem_formal.o ABSOLUTE
    ../clib/signal.c                         0x00000000   Number         0  defsig_rtmem_outer.o ABSOLUTE
    ../clib/signal.c                         0x00000000   Number         0  defsig_other.o ABSOLUTE
    ../clib/signal.c                         0x00000000   Number         0  defsig_segv_inner.o ABSOLUTE
    ../clib/signal.c                         0x00000000   Number         0  defsig_cppl_inner.o ABSOLUTE
    ../clib/signal.c                         0x00000000   Number         0  defsig_pvfn_inner.o ABSOLUTE
    ../clib/signal.c                         0x00000000   Number         0  defsig_stak_inner.o ABSOLUTE
    ../clib/signal.c                         0x00000000   Number         0  defsig_rtred_inner.o ABSOLUTE
    ../clib/signal.c                         0x00000000   Number         0  defsig_fpe_inner.o ABSOLUTE
    ../clib/signal.c                         0x00000000   Number         0  defsig_abrt_inner.o ABSOLUTE
    ../clib/signal.c                         0x00000000   Number         0  defsig_general.o ABSOLUTE
    ../clib/signal.s                         0x00000000   Number         0  defsig.o ABSOLUTE
    ../clib/stdlib.c                         0x00000000   Number         0  exit.o ABSOLUTE
    ../fplib/fpinit.s                        0x00000000   Number         0  fpinit.o ABSOLUTE
    ..\..\..\project\startup_rvmdk.S         0x00000000   Number         0  startup_rvmdk.o ABSOLUTE
    Display.c                                0x00000000   Number         0  display.o ABSOLUTE
    I2C.c                                    0x00000000   Number         0  i2c.o ABSOLUTE
    Init.c                                   0x00000000   Number         0  init.o ABSOLUTE
    Motion_Sensor.c                          0x00000000   Number         0  motion_sensor.o ABSOLUTE
    TemperatureSensor.c                      0x00000000   Number         0  temperaturesensor.o ABSOLUTE
    adc.c                                    0x00000000   Number         0  adc.o ABSOLUTE
    cpu.c                                    0x00000000   Number         0  cpu.o ABSOLUTE
    cpu.c                                    0x00000000   Number         0  cpu.o ABSOLUTE
    dc.s                                     0x00000000   Number         0  dc.o ABSOLUTE
    gpio.c                                   0x00000000   Number         0  gpio.o ABSOLUTE
    interrupt.c                              0x00000000   Number         0  interrupt.o ABSOLUTE
    main.c                                   0x00000000   Number         0  main.o ABSOLUTE
    sysctl.c                                 0x00000000   Number         0  sysctl.o ABSOLUTE
    sysctl.c                                 0x00000000   Number         0  sysctl.o ABSOLUTE
    $v0                                      0x0000026c   Number         0  startup_rvmdk.o(RESET)
    NmiSR                                    0x00000281   Thumb Code     0  startup_rvmdk.o(RESET)
    FaultISR                                 0x00000283   Thumb Code     0  startup_rvmdk.o(RESET)
    IntDefaultHandler                        0x00000285   Thumb Code     0  startup_rvmdk.o(RESET)
    !!!main                                  0x00000288   Section        8  __main.o(!!!main)
    !!!scatter                               0x00000290   Section       52  __scatter.o(!!!scatter)
    !!handler_copy                           0x000002c4   Section       26  __scatter_copy.o(!!handler_copy)
    !!handler_zi                             0x000002e0   Section       28  __scatter_zi.o(!!handler_zi)
    .ARM.Collect$$_printf_percent$$00000000  0x000002fc   Section        0  _printf_percent.o(.ARM.Collect$$_printf_percent$$00000000)
    .ARM.Collect$$_printf_percent$$00000009  0x000002fc   Section        6  _printf_d.o(.ARM.Collect$$_printf_percent$$00000009)
    .ARM.Collect$$_printf_percent$$00000017  0x00000302   Section        4  _printf_percent_end.o(.ARM.Collect$$_printf_percent$$00000017)
    .ARM.Collect$$libinit$$00000000          0x00000306   Section        2  libinit.o(.ARM.Collect$$libinit$$00000000)
    .ARM.Collect$$libinit$$00000001          0x00000308   Section        4  libinit2.o(.ARM.Collect$$libinit$$00000001)
    .ARM.Collect$$libinit$$00000004          0x0000030c   Section        0  libinit2.o(.ARM.Collect$$libinit$$00000004)
    .ARM.Collect$$libinit$$0000000A          0x0000030c   Section        0  libinit2.o(.ARM.Collect$$libinit$$0000000A)
    .ARM.Collect$$libinit$$0000000C          0x0000030c   Section        0  libinit2.o(.ARM.Collect$$libinit$$0000000C)
    .ARM.Collect$$libinit$$0000000E          0x0000030c   Section        0  libinit2.o(.ARM.Collect$$libinit$$0000000E)
    .ARM.Collect$$libinit$$00000011          0x0000030c   Section        0  libinit2.o(.ARM.Collect$$libinit$$00000011)
    .ARM.Collect$$libinit$$00000013          0x0000030c   Section        0  libinit2.o(.ARM.Collect$$libinit$$00000013)
    .ARM.Collect$$libinit$$00000015          0x0000030c   Section        0  libinit2.o(.ARM.Collect$$libinit$$00000015)
    .ARM.Collect$$libinit$$00000017          0x0000030c   Section        0  libinit2.o(.ARM.Collect$$libinit$$00000017)
    .ARM.Collect$$libinit$$00000019          0x0000030c   Section        0  libinit2.o(.ARM.Collect$$libinit$$00000019)
    .ARM.Collect$$libinit$$0000001B          0x0000030c   Section        0  libinit2.o(.ARM.Collect$$libinit$$0000001B)
    .ARM.Collect$$libinit$$0000001D          0x0000030c   Section        0  libinit2.o(.ARM.Collect$$libinit$$0000001D)
    .ARM.Collect$$libinit$$0000001F          0x0000030c   Section        0  libinit2.o(.ARM.Collect$$libinit$$0000001F)
    .ARM.Collect$$libinit$$00000021          0x0000030c   Section        0  libinit2.o(.ARM.Collect$$libinit$$00000021)
    .ARM.Collect$$libinit$$00000023          0x0000030c   Section        0  libinit2.o(.ARM.Collect$$libinit$$00000023)
    .ARM.Collect$$libinit$$00000025          0x0000030c   Section        0  libinit2.o(.ARM.Collect$$libinit$$00000025)
    .ARM.Collect$$libinit$$0000002C          0x0000030c   Section        0  libinit2.o(.ARM.Collect$$libinit$$0000002C)
    .ARM.Collect$$libinit$$0000002E          0x0000030c   Section        0  libinit2.o(.ARM.Collect$$libinit$$0000002E)
    .ARM.Collect$$libinit$$00000030          0x0000030c   Section        0  libinit2.o(.ARM.Collect$$libinit$$00000030)
    .ARM.Collect$$libinit$$00000032          0x0000030c   Section        0  libinit2.o(.ARM.Collect$$libinit$$00000032)
    .ARM.Collect$$libinit$$00000033          0x0000030c   Section        2  libinit2.o(.ARM.Collect$$libinit$$00000033)
    .ARM.Collect$$libshutdown$$00000000      0x0000030e   Section        2  libshutdown.o(.ARM.Collect$$libshutdown$$00000000)
    .ARM.Collect$$libshutdown$$00000002      0x00000310   Section        0  libshutdown2.o(.ARM.Collect$$libshutdown$$00000002)
    .ARM.Collect$$libshutdown$$00000004      0x00000310   Section        0  libshutdown2.o(.ARM.Collect$$libshutdown$$00000004)
    .ARM.Collect$$libshutdown$$00000006      0x00000310   Section        0  libshutdown2.o(.ARM.Collect$$libshutdown$$00000006)
    .ARM.Collect$$libshutdown$$00000009      0x00000310   Section        0  libshutdown2.o(.ARM.Collect$$libshutdown$$00000009)
    .ARM.Collect$$libshutdown$$0000000C      0x00000310   Section        0  libshutdown2.o(.ARM.Collect$$libshutdown$$0000000C)
    .ARM.Collect$$libshutdown$$0000000E      0x00000310   Section        0  libshutdown2.o(.ARM.Collect$$libshutdown$$0000000E)
    .ARM.Collect$$libshutdown$$00000011      0x00000310   Section        0  libshutdown2.o(.ARM.Collect$$libshutdown$$00000011)
    .ARM.Collect$$libshutdown$$00000012      0x00000310   Section        2  libshutdown2.o(.ARM.Collect$$libshutdown$$00000012)
    .ARM.Collect$$rtentry$$00000000          0x00000312   Section        0  __rtentry.o(.ARM.Collect$$rtentry$$00000000)
    .ARM.Collect$$rtentry$$00000002          0x00000312   Section        0  __rtentry2.o(.ARM.Collect$$rtentry$$00000002)
    .ARM.Collect$$rtentry$$00000004          0x00000312   Section        6  __rtentry4.o(.ARM.Collect$$rtentry$$00000004)
    .ARM.Collect$$rtentry$$00000009          0x00000318   Section        0  __rtentry2.o(.ARM.Collect$$rtentry$$00000009)
    .ARM.Collect$$rtentry$$0000000A          0x00000318   Section        4  __rtentry2.o(.ARM.Collect$$rtentry$$0000000A)
    .ARM.Collect$$rtentry$$0000000C          0x0000031c   Section        0  __rtentry2.o(.ARM.Collect$$rtentry$$0000000C)
    .ARM.Collect$$rtentry$$0000000D          0x0000031c   Section        8  __rtentry2.o(.ARM.Collect$$rtentry$$0000000D)
    .ARM.Collect$$rtexit$$00000000           0x00000324   Section        2  rtexit.o(.ARM.Collect$$rtexit$$00000000)
    .ARM.Collect$$rtexit$$00000002           0x00000326   Section        0  rtexit2.o(.ARM.Collect$$rtexit$$00000002)
    .ARM.Collect$$rtexit$$00000003           0x00000326   Section        4  rtexit2.o(.ARM.Collect$$rtexit$$00000003)
    .ARM.Collect$$rtexit$$00000004           0x0000032a   Section        6  rtexit2.o(.ARM.Collect$$rtexit$$00000004)
    .emb_text                                0x00000330   Section        6  sysctl.o(.emb_text)
    $v0                                      0x00000330   Number         0  sysctl.o(.emb_text)
    .emb_text                                0x00000338   Section       38  cpu.o(.emb_text)
    $v0                                      0x00000338   Number         0  cpu.o(.emb_text)
    .text                                    0x00000360   Section       24  startup_rvmdk.o(.text)
    $v0                                      0x00000360   Number         0  startup_rvmdk.o(.text)
    .text                                    0x00000378   Section        0  noretval__2sprintf.o(.text)
    .text                                    0x000003a0   Section        0  __printf.o(.text)
    .text                                    0x00000408   Section        0  _printf_dec.o(.text)
    .text                                    0x00000480   Section      132  rt_memmove_v6.o(.text)
    .text                                    0x00000504   Section        0  heapauxi.o(.text)
    .text                                    0x0000050a   Section        0  _printf_intcommon.o(.text)
    .text                                    0x000005bc   Section        0  _printf_char_common.o(.text)
    _printf_input_char                       0x000005bd   Thumb Code    10  _printf_char_common.o(.text)
    .text                                    0x000005ec   Section        0  _sputc.o(.text)
    .text                                    0x000005f6   Section      138  rt_memcpy_v6.o(.text)
    .text                                    0x00000680   Section      122  rt_memmove_w.o(.text)
    .text                                    0x000006fa   Section      100  rt_memcpy_w.o(.text)
    .text                                    0x0000075e   Section       74  sys_stackheap_outer.o(.text)
    .text                                    0x000007a8   Section        0  exit.o(.text)
    .text                                    0x000007bc   Section        8  libspace.o(.text)
    .text                                    0x000007c4   Section        0  sys_exit.o(.text)
    .text                                    0x000007d0   Section        2  use_no_semi.o(.text)
    .text                                    0x000007d2   Section        0  indicate_semi.o(.text)
    i.ADC0_Handler                           0x000007d4   Section        0  temperaturesensor.o(i.ADC0_Handler)
    i.ADC0_Init                              0x000008d8   Section        0  init.o(i.ADC0_Init)
    i.ADCIntClear                            0x00000940   Section        0  adc.o(i.ADCIntClear)
    i.ADCIntEnableEx                         0x0000094a   Section        0  adc.o(i.ADCIntEnableEx)
    i.ADCProcessorTrigger                    0x00000952   Section        0  adc.o(i.ADCProcessorTrigger)
    i.ADCSequenceConfigure                   0x0000096c   Section        0  adc.o(i.ADCSequenceConfigure)
    i.ADCSequenceDataGet                     0x000009cc   Section        0  adc.o(i.ADCSequenceDataGet)
    i.ADCSequenceDisable                     0x000009f0   Section        0  adc.o(i.ADCSequenceDisable)
    i.ADCSequenceEnable                      0x00000a00   Section        0  adc.o(i.ADCSequenceEnable)
    i.ADCSequenceStepConfigure               0x00000a0e   Section        0  adc.o(i.ADCSequenceStepConfigure)
    i.Delay_ms                               0x00000aa8   Section        0  main.o(i.Delay_ms)
    i.GPIODirModeSet                         0x00000ac2   Section        0  gpio.o(i.GPIODirModeSet)
    i.GPIOPadConfigSet                       0x00000aec   Section        0  gpio.o(i.GPIOPadConfigSet)
    i.GPIOPinTypeADC                         0x00000c5c   Section        0  gpio.o(i.GPIOPinTypeADC)
    i.I2C3_Init                              0x00000c78   Section        0  init.o(i.I2C3_Init)
    i.I2C3_Wr                                0x00000ce8   Section        0  i2c.o(i.I2C3_Wr)
    i.I2C3_Write_Multiple                    0x00000d3c   Section        0  i2c.o(i.I2C3_Write_Multiple)
    i.I2C_wait_till_done                     0x00000db4   Section        0  i2c.o(i.I2C_wait_till_done)
    i.IntEnable                              0x00000dd0   Section        0  interrupt.o(i.IntEnable)
    i.IntMasterDisable                       0x00000e34   Section        0  interrupt.o(i.IntMasterDisable)
    i.IntMasterEnable                        0x00000e42   Section        0  interrupt.o(i.IntMasterEnable)
    i.IntPrioritySet                         0x00000e50   Section        0  interrupt.o(i.IntPrioritySet)
    i.OLED_Clear                             0x00000e78   Section        0  display.o(i.OLED_Clear)
    i.OLED_Command                           0x00000e9e   Section        0  display.o(i.OLED_Command)
    i.OLED_Init                              0x00000eae   Section        0  init.o(i.OLED_Init)
    i.OLED_PutChar                           0x00000f48   Section        0  display.o(i.OLED_PutChar)
    i.OLED_Write_Integer                     0x00000f80   Section        0  display.o(i.OLED_Write_Integer)
    i.OLED_Write_String                      0x00000fa0   Section        0  display.o(i.OLED_Write_String)
    i.OLED_YX                                0x00000fb6   Section        0  display.o(i.OLED_YX)
    i.PortFunctionInit                       0x00000fe0   Section        0  init.o(i.PortFunctionInit)
    i.SysCtlClockSet                         0x00001098   Section        0  sysctl.o(i.SysCtlClockSet)
    i.SysCtlPeripheralEnable                 0x000011b8   Section        0  sysctl.o(i.SysCtlPeripheralEnable)
    i.checkPIR                               0x000011e0   Section        0  motion_sensor.o(i.checkPIR)
    i.main                                   0x00001218   Section        0  main.o(i.main)
    x$fpl$fpinit                             0x00001238   Section       10  fpinit.o(x$fpl$fpinit)
    $v0                                      0x00001238   Number         0  fpinit.o(x$fpl$fpinit)
    .constdata                               0x00001242   Section      768  display.o(.constdata)
    .constdata                               0x00001544   Section      268  interrupt.o(.constdata)
    g_pui32Priority                          0x00001544   Data          32  interrupt.o(.constdata)
    g_pui32Regs                              0x00001564   Data         156  interrupt.o(.constdata)
    g_pui32EnRegs                            0x00001600   Data          20  interrupt.o(.constdata)
    g_pui32Dii16Regs                         0x00001614   Data          20  interrupt.o(.constdata)
    g_pui32PendRegs                          0x00001628   Data          20  interrupt.o(.constdata)
    g_pui32UnpendRegs                        0x0000163c   Data          20  interrupt.o(.constdata)
    .data                                    0x20000000   Section       16  temperaturesensor.o(.data)
    .bss                                     0x20000010   Section       96  libspace.o(.bss)
    HEAP                                     0x20000070   Section        0  startup_rvmdk.o(HEAP)
    STACK                                    0x20000070   Section      256  startup_rvmdk.o(STACK)
    HeapMem                                  0x20000070   Data           0  startup_rvmdk.o(HEAP)
    StackMem                                 0x20000070   Data           0  startup_rvmdk.o(STACK)

    Global Symbols

    Symbol Name                              Value     Ov Type        Size  Object(Section)

    BuildAttributes$$THM_ISAv4$E$P$D$K$B$S$7EM$VFPi3$EXTD16$VFPS$VFMA$PE$A:L22UL41UL21$X:L11$S22US41US21$IEEE1$IW$USESV6$~STKCKD$USESV7$~SHL$OTIME$ROPI$EBA8$UX$STANDARDLIB$REQ8$PRES8$EABIv2 0x00000000   Number         0  anon$$obj.o ABSOLUTE
    __ARM_use_no_argv                        0x00000000   Number         0  main.o ABSOLUTE
    __Vectors                                0x00000000   Data           0  startup_rvmdk.o(RESET)
    __ARM_exceptions_init                     - Undefined Weak Reference
    __alloca_initialize                       - Undefined Weak Reference
    __arm_fini_                               - Undefined Weak Reference
    __arm_preinit_                            - Undefined Weak Reference
    __cpp_initialize__aeabi_                  - Undefined Weak Reference
    __cxa_finalize                            - Undefined Weak Reference
    __rt_locale                               - Undefined Weak Reference
    __sigvec_lookup                           - Undefined Weak Reference
    _atexit_init                              - Undefined Weak Reference
    _call_atexit_fns                          - Undefined Weak Reference
    _clock_init                               - Undefined Weak Reference
    _fp_trap_init                             - Undefined Weak Reference
    _fp_trap_shutdown                         - Undefined Weak Reference
    _get_lc_collate                           - Undefined Weak Reference
    _get_lc_ctype                             - Undefined Weak Reference
    _get_lc_monetary                          - Undefined Weak Reference
    _get_lc_numeric                           - Undefined Weak Reference
    _get_lc_time                              - Undefined Weak Reference
    _getenv_init                              - Undefined Weak Reference
    _handle_redirection                       - Undefined Weak Reference
    _init_alloc                               - Undefined Weak Reference
    _init_user_alloc                          - Undefined Weak Reference
    _initio                                   - Undefined Weak Reference
    _printf_post_padding                      - Undefined Weak Reference
    _printf_pre_padding                       - Undefined Weak Reference
    _printf_truncate_signed                   - Undefined Weak Reference
    _printf_truncate_unsigned                 - Undefined Weak Reference
    _rand_init                                - Undefined Weak Reference
    _signal_finish                            - Undefined Weak Reference
    _signal_init                              - Undefined Weak Reference
    _terminate_alloc                          - Undefined Weak Reference
    _terminate_user_alloc                     - Undefined Weak Reference
    _terminateio                              - Undefined Weak Reference
    Reset_Handler                            0x0000026d   Thumb Code     0  startup_rvmdk.o(RESET)
    __main                                   0x00000289   Thumb Code     8  __main.o(!!!main)
    __scatterload                            0x00000291   Thumb Code     0  __scatter.o(!!!scatter)
    __scatterload_rt2                        0x00000291   Thumb Code    44  __scatter.o(!!!scatter)
    __scatterload_rt2_thumb_only             0x00000291   Thumb Code     0  __scatter.o(!!!scatter)
    __scatterload_null                       0x0000029f   Thumb Code     0  __scatter.o(!!!scatter)
    __scatterload_copy                       0x000002c5   Thumb Code    26  __scatter_copy.o(!!handler_copy)
    __scatterload_zeroinit                   0x000002e1   Thumb Code    28  __scatter_zi.o(!!handler_zi)
    _printf_d                                0x000002fd   Thumb Code     0  _printf_d.o(.ARM.Collect$$_printf_percent$$00000009)
    _printf_percent                          0x000002fd   Thumb Code     0  _printf_percent.o(.ARM.Collect$$_printf_percent$$00000000)
    _printf_percent_end                      0x00000303   Thumb Code     0  _printf_percent_end.o(.ARM.Collect$$_printf_percent$$00000017)
    __rt_lib_init                            0x00000307   Thumb Code     0  libinit.o(.ARM.Collect$$libinit$$00000000)
    __rt_lib_init_fp_1                       0x00000309   Thumb Code     0  libinit2.o(.ARM.Collect$$libinit$$00000001)
    __rt_lib_init_alloca_1                   0x0000030d   Thumb Code     0  libinit2.o(.ARM.Collect$$libinit$$0000002E)
    __rt_lib_init_argv_1                     0x0000030d   Thumb Code     0  libinit2.o(.ARM.Collect$$libinit$$0000002C)
    __rt_lib_init_atexit_1                   0x0000030d   Thumb Code     0  libinit2.o(.ARM.Collect$$libinit$$0000001B)
    __rt_lib_init_clock_1                    0x0000030d   Thumb Code     0  libinit2.o(.ARM.Collect$$libinit$$00000021)
    __rt_lib_init_cpp_1                      0x0000030d   Thumb Code     0  libinit2.o(.ARM.Collect$$libinit$$00000032)
    __rt_lib_init_exceptions_1               0x0000030d   Thumb Code     0  libinit2.o(.ARM.Collect$$libinit$$00000030)
    __rt_lib_init_fp_trap_1                  0x0000030d   Thumb Code     0  libinit2.o(.ARM.Collect$$libinit$$0000001F)
    __rt_lib_init_getenv_1                   0x0000030d   Thumb Code     0  libinit2.o(.ARM.Collect$$libinit$$00000023)
    __rt_lib_init_heap_1                     0x0000030d   Thumb Code     0  libinit2.o(.ARM.Collect$$libinit$$0000000A)
    __rt_lib_init_lc_collate_1               0x0000030d   Thumb Code     0  libinit2.o(.ARM.Collect$$libinit$$00000011)
    __rt_lib_init_lc_ctype_1                 0x0000030d   Thumb Code     0  libinit2.o(.ARM.Collect$$libinit$$00000013)
    __rt_lib_init_lc_monetary_1              0x0000030d   Thumb Code     0  libinit2.o(.ARM.Collect$$libinit$$00000015)
    __rt_lib_init_lc_numeric_1               0x0000030d   Thumb Code     0  libinit2.o(.ARM.Collect$$libinit$$00000017)
    __rt_lib_init_lc_time_1                  0x0000030d   Thumb Code     0  libinit2.o(.ARM.Collect$$libinit$$00000019)
    __rt_lib_init_preinit_1                  0x0000030d   Thumb Code     0  libinit2.o(.ARM.Collect$$libinit$$00000004)
    __rt_lib_init_rand_1                     0x0000030d   Thumb Code     0  libinit2.o(.ARM.Collect$$libinit$$0000000E)
    __rt_lib_init_return                     0x0000030d   Thumb Code     0  libinit2.o(.ARM.Collect$$libinit$$00000033)
    __rt_lib_init_signal_1                   0x0000030d   Thumb Code     0  libinit2.o(.ARM.Collect$$libinit$$0000001D)
    __rt_lib_init_stdio_1                    0x0000030d   Thumb Code     0  libinit2.o(.ARM.Collect$$libinit$$00000025)
    __rt_lib_init_user_alloc_1               0x0000030d   Thumb Code     0  libinit2.o(.ARM.Collect$$libinit$$0000000C)
    __rt_lib_shutdown                        0x0000030f   Thumb Code     0  libshutdown.o(.ARM.Collect$$libshutdown$$00000000)
    __rt_lib_shutdown_cpp_1                  0x00000311   Thumb Code     0  libshutdown2.o(.ARM.Collect$$libshutdown$$00000004)
    __rt_lib_shutdown_fini_1                 0x00000311   Thumb Code     0  libshutdown2.o(.ARM.Collect$$libshutdown$$00000002)
    __rt_lib_shutdown_fp_trap_1              0x00000311   Thumb Code     0  libshutdown2.o(.ARM.Collect$$libshutdown$$00000009)
    __rt_lib_shutdown_heap_1                 0x00000311   Thumb Code     0  libshutdown2.o(.ARM.Collect$$libshutdown$$00000011)
    __rt_lib_shutdown_return                 0x00000311   Thumb Code     0  libshutdown2.o(.ARM.Collect$$libshutdown$$00000012)
    __rt_lib_shutdown_signal_1               0x00000311   Thumb Code     0  libshutdown2.o(.ARM.Collect$$libshutdown$$0000000C)
    __rt_lib_shutdown_stdio_1                0x00000311   Thumb Code     0  libshutdown2.o(.ARM.Collect$$libshutdown$$00000006)
    __rt_lib_shutdown_user_alloc_1           0x00000311   Thumb Code     0  libshutdown2.o(.ARM.Collect$$libshutdown$$0000000E)
    __rt_entry                               0x00000313   Thumb Code     0  __rtentry.o(.ARM.Collect$$rtentry$$00000000)
    __rt_entry_presh_1                       0x00000313   Thumb Code     0  __rtentry2.o(.ARM.Collect$$rtentry$$00000002)
    __rt_entry_sh                            0x00000313   Thumb Code     0  __rtentry4.o(.ARM.Collect$$rtentry$$00000004)
    __rt_entry_li                            0x00000319   Thumb Code     0  __rtentry2.o(.ARM.Collect$$rtentry$$0000000A)
    __rt_entry_postsh_1                      0x00000319   Thumb Code     0  __rtentry2.o(.ARM.Collect$$rtentry$$00000009)
    __rt_entry_main                          0x0000031d   Thumb Code     0  __rtentry2.o(.ARM.Collect$$rtentry$$0000000D)
    __rt_entry_postli_1                      0x0000031d   Thumb Code     0  __rtentry2.o(.ARM.Collect$$rtentry$$0000000C)
    __rt_exit                                0x00000325   Thumb Code     0  rtexit.o(.ARM.Collect$$rtexit$$00000000)
    __rt_exit_ls                             0x00000327   Thumb Code     0  rtexit2.o(.ARM.Collect$$rtexit$$00000003)
    __rt_exit_prels_1                        0x00000327   Thumb Code     0  rtexit2.o(.ARM.Collect$$rtexit$$00000002)
    __rt_exit_exit                           0x0000032b   Thumb Code     0  rtexit2.o(.ARM.Collect$$rtexit$$00000004)
    SysCtlDelay                              0x00000331   Thumb Code     6  sysctl.o(.emb_text)
    CPUcpsid                                 0x00000339   Thumb Code     8  cpu.o(.emb_text)
    CPUprimask                               0x00000341   Thumb Code     6  cpu.o(.emb_text)
    CPUcpsie                                 0x00000347   Thumb Code     8  cpu.o(.emb_text)
    CPUwfi                                   0x0000034f   Thumb Code     4  cpu.o(.emb_text)
    CPUbasepriSet                            0x00000353   Thumb Code     6  cpu.o(.emb_text)
    CPUbasepriGet                            0x00000359   Thumb Code     6  cpu.o(.emb_text)
    __user_initial_stackheap                 0x00000361   Thumb Code     0  startup_rvmdk.o(.text)
    __2sprintf                               0x00000379   Thumb Code    34  noretval__2sprintf.o(.text)
    __printf                                 0x000003a1   Thumb Code   104  __printf.o(.text)
    _printf_int_dec                          0x00000409   Thumb Code   104  _printf_dec.o(.text)
    __aeabi_memmove                          0x00000481   Thumb Code     0  rt_memmove_v6.o(.text)
    __rt_memmove                             0x00000481   Thumb Code   132  rt_memmove_v6.o(.text)
    __memmove_lastfew                        0x000004e1   Thumb Code     0  rt_memmove_v6.o(.text)
    __use_two_region_memory                  0x00000505   Thumb Code     2  heapauxi.o(.text)
    __rt_heap_escrow$2region                 0x00000507   Thumb Code     2  heapauxi.o(.text)
    __rt_heap_expand$2region                 0x00000509   Thumb Code     2  heapauxi.o(.text)
    _printf_int_common                       0x0000050b   Thumb Code   178  _printf_intcommon.o(.text)
    _printf_char_common                      0x000005c7   Thumb Code    32  _printf_char_common.o(.text)
    _sputc                                   0x000005ed   Thumb Code    10  _sputc.o(.text)
    __aeabi_memcpy                           0x000005f7   Thumb Code     0  rt_memcpy_v6.o(.text)
    __rt_memcpy                              0x000005f7   Thumb Code   138  rt_memcpy_v6.o(.text)
    _memcpy_lastbytes                        0x0000065d   Thumb Code     0  rt_memcpy_v6.o(.text)
    __aeabi_memmove4                         0x00000681   Thumb Code     0  rt_memmove_w.o(.text)
    __aeabi_memmove8                         0x00000681   Thumb Code     0  rt_memmove_w.o(.text)
    __rt_memmove_w                           0x00000681   Thumb Code   122  rt_memmove_w.o(.text)
    __memmove_aligned                        0x000006a7   Thumb Code     0  rt_memmove_w.o(.text)
    __memmove_lastfew_aligned                0x000006df   Thumb Code     0  rt_memmove_w.o(.text)
    __aeabi_memcpy4                          0x000006fb   Thumb Code     0  rt_memcpy_w.o(.text)
    __aeabi_memcpy8                          0x000006fb   Thumb Code     0  rt_memcpy_w.o(.text)
    __rt_memcpy_w                            0x000006fb   Thumb Code   100  rt_memcpy_w.o(.text)
    _memcpy_lastbytes_aligned                0x00000743   Thumb Code     0  rt_memcpy_w.o(.text)
    __user_setup_stackheap                   0x0000075f   Thumb Code    74  sys_stackheap_outer.o(.text)
    exit                                     0x000007a9   Thumb Code    18  exit.o(.text)
    __user_libspace                          0x000007bd   Thumb Code     8  libspace.o(.text)
    __user_perproc_libspace                  0x000007bd   Thumb Code     0  libspace.o(.text)
    __user_perthread_libspace                0x000007bd   Thumb Code     0  libspace.o(.text)
    _sys_exit                                0x000007c5   Thumb Code     8  sys_exit.o(.text)
    __I$use$semihosting                      0x000007d1   Thumb Code     0  use_no_semi.o(.text)
    __use_no_semihosting_swi                 0x000007d1   Thumb Code     2  use_no_semi.o(.text)
    __semihosting_library_function           0x000007d3   Thumb Code     0  indicate_semi.o(.text)
    ADC0_Handler                             0x000007d5   Thumb Code   210  temperaturesensor.o(i.ADC0_Handler)
    ADC0_Init                                0x000008d9   Thumb Code    86  init.o(i.ADC0_Init)
    ADCIntClear                              0x00000941   Thumb Code    10  adc.o(i.ADCIntClear)
    ADCIntEnableEx                           0x0000094b   Thumb Code     8  adc.o(i.ADCIntEnableEx)
    ADCProcessorTrigger                      0x00000953   Thumb Code    26  adc.o(i.ADCProcessorTrigger)
    ADCSequenceConfigure                     0x0000096d   Thumb Code    96  adc.o(i.ADCSequenceConfigure)
    ADCSequenceDataGet                       0x000009cd   Thumb Code    36  adc.o(i.ADCSequenceDataGet)
    ADCSequenceDisable                       0x000009f1   Thumb Code    16  adc.o(i.ADCSequenceDisable)
    ADCSequenceEnable                        0x00000a01   Thumb Code    14  adc.o(i.ADCSequenceEnable)
    ADCSequenceStepConfigure                 0x00000a0f   Thumb Code   154  adc.o(i.ADCSequenceStepConfigure)
    Delay_ms                                 0x00000aa9   Thumb Code    26  main.o(i.Delay_ms)
    GPIODirModeSet                           0x00000ac3   Thumb Code    40  gpio.o(i.GPIODirModeSet)
    GPIOPadConfigSet                         0x00000aed   Thumb Code   354  gpio.o(i.GPIOPadConfigSet)
    GPIOPinTypeADC                           0x00000c5d   Thumb Code    28  gpio.o(i.GPIOPinTypeADC)
    I2C3_Init                                0x00000c79   Thumb Code   100  init.o(i.I2C3_Init)
    I2C3_Wr                                  0x00000ce9   Thumb Code    80  i2c.o(i.I2C3_Wr)
    I2C3_Write_Multiple                      0x00000d3d   Thumb Code   114  i2c.o(i.I2C3_Write_Multiple)
    I2C_wait_till_done                       0x00000db5   Thumb Code    24  i2c.o(i.I2C_wait_till_done)
    IntEnable                                0x00000dd1   Thumb Code    92  interrupt.o(i.IntEnable)
    IntMasterDisable                         0x00000e35   Thumb Code    14  interrupt.o(i.IntMasterDisable)
    IntMasterEnable                          0x00000e43   Thumb Code    14  interrupt.o(i.IntMasterEnable)
    IntPrioritySet                           0x00000e51   Thumb Code    36  interrupt.o(i.IntPrioritySet)
    OLED_Clear                               0x00000e79   Thumb Code    38  display.o(i.OLED_Clear)
    OLED_Command                             0x00000e9f   Thumb Code    16  display.o(i.OLED_Command)
    OLED_Init                                0x00000eaf   Thumb Code   154  init.o(i.OLED_Init)
    OLED_PutChar                             0x00000f49   Thumb Code    50  display.o(i.OLED_PutChar)
    OLED_Write_Integer                       0x00000f81   Thumb Code    26  display.o(i.OLED_Write_Integer)
    OLED_Write_String                        0x00000fa1   Thumb Code    22  display.o(i.OLED_Write_String)
    OLED_YX                                  0x00000fb7   Thumb Code    40  display.o(i.OLED_YX)
    PortFunctionInit                         0x00000fe1   Thumb Code   152  init.o(i.PortFunctionInit)
    SysCtlClockSet                           0x00001099   Thumb Code   270  sysctl.o(i.SysCtlClockSet)
    SysCtlPeripheralEnable                   0x000011b9   Thumb Code    36  sysctl.o(i.SysCtlPeripheralEnable)
    checkPIR                                 0x000011e1   Thumb Code    48  motion_sensor.o(i.checkPIR)
    main                                     0x00001219   Thumb Code    32  main.o(i.main)
    _fp_init                                 0x00001239   Thumb Code    10  fpinit.o(x$fpl$fpinit)
    __fplib_config_fpu_vfp                   0x00001241   Thumb Code     0  fpinit.o(x$fpl$fpinit)
    __fplib_config_pureend_doubles           0x00001241   Thumb Code     0  fpinit.o(x$fpl$fpinit)
    OledFont                                 0x00001242   Data         768  display.o(.constdata)
    Region$$Table$$Base                      0x00001650   Number         0  anon$$obj.o(Region$$Table)
    Region$$Table$$Limit                     0x00001670   Number         0  anon$$obj.o(Region$$Table)
    ui32ADC0Value                            0x20000000   Data           8  temperaturesensor.o(.data)
    ui32TempValueC                           0x20000008   Data           4  temperaturesensor.o(.data)
    ui32TempValueF                           0x2000000c   Data           4  temperaturesensor.o(.data)
    __libspace_start                         0x20000010   Data          96  libspace.o(.bss)
    __temporary_stack_top$libspace           0x20000070   Data           0  libspace.o(.bss)



==============================================================================

Memory Map of the image

  Image Entry point : 0x0000026d

  Load Region LR_1 (Base: 0x00000000, Size: 0x00001680, Max: 0xffffffff, ABSOLUTE)

    Execution Region ER_RO (Exec base: 0x00000000, Load base: 0x00000000, Size: 0x00001670, Max: 0xffffffff, ABSOLUTE)

    Exec Addr    Load Addr    Size         Type   Attr      Idx    E Section Name        Object

    0x00000000   0x00000000   0x00000288   Code   RO            3  * RESET               startup_rvmdk.o
    0x00000288   0x00000288   0x00000008   Code   RO         1341  * !!!main             c_w.l(__main.o)
    0x00000290   0x00000290   0x00000034   Code   RO         1515    !!!scatter          c_w.l(__scatter.o)
    0x000002c4   0x000002c4   0x0000001a   Code   RO         1517    !!handler_copy      c_w.l(__scatter_copy.o)
    0x000002de   0x000002de   0x00000002   PAD
    0x000002e0   0x000002e0   0x0000001c   Code   RO         1519    !!handler_zi        c_w.l(__scatter_zi.o)
    0x000002fc   0x000002fc   0x00000000   Code   RO         1336    .ARM.Collect$$_printf_percent$$00000000  c_w.l(_printf_percent.o)
    0x000002fc   0x000002fc   0x00000006   Code   RO         1335    .ARM.Collect$$_printf_percent$$00000009  c_w.l(_printf_d.o)
    0x00000302   0x00000302   0x00000004   Code   RO         1350    .ARM.Collect$$_printf_percent$$00000017  c_w.l(_printf_percent_end.o)
    0x00000306   0x00000306   0x00000002   Code   RO         1383    .ARM.Collect$$libinit$$00000000  c_w.l(libinit.o)
    0x00000308   0x00000308   0x00000004   Code   RO         1389    .ARM.Collect$$libinit$$00000001  c_w.l(libinit2.o)
    0x0000030c   0x0000030c   0x00000000   Code   RO         1392    .ARM.Collect$$libinit$$00000004  c_w.l(libinit2.o)
    0x0000030c   0x0000030c   0x00000000   Code   RO         1395    .ARM.Collect$$libinit$$0000000A  c_w.l(libinit2.o)
    0x0000030c   0x0000030c   0x00000000   Code   RO         1397    .ARM.Collect$$libinit$$0000000C  c_w.l(libinit2.o)
    0x0000030c   0x0000030c   0x00000000   Code   RO         1399    .ARM.Collect$$libinit$$0000000E  c_w.l(libinit2.o)
    0x0000030c   0x0000030c   0x00000000   Code   RO         1402    .ARM.Collect$$libinit$$00000011  c_w.l(libinit2.o)
    0x0000030c   0x0000030c   0x00000000   Code   RO         1404    .ARM.Collect$$libinit$$00000013  c_w.l(libinit2.o)
    0x0000030c   0x0000030c   0x00000000   Code   RO         1406    .ARM.Collect$$libinit$$00000015  c_w.l(libinit2.o)
    0x0000030c   0x0000030c   0x00000000   Code   RO         1408    .ARM.Collect$$libinit$$00000017  c_w.l(libinit2.o)
    0x0000030c   0x0000030c   0x00000000   Code   RO         1410    .ARM.Collect$$libinit$$00000019  c_w.l(libinit2.o)
    0x0000030c   0x0000030c   0x00000000   Code   RO         1412    .ARM.Collect$$libinit$$0000001B  c_w.l(libinit2.o)
    0x0000030c   0x0000030c   0x00000000   Code   RO         1414    .ARM.Collect$$libinit$$0000001D  c_w.l(libinit2.o)
    0x0000030c   0x0000030c   0x00000000   Code   RO         1416    .ARM.Collect$$libinit$$0000001F  c_w.l(libinit2.o)
    0x0000030c   0x0000030c   0x00000000   Code   RO         1418    .ARM.Collect$$libinit$$00000021  c_w.l(libinit2.o)
    0x0000030c   0x0000030c   0x00000000   Code   RO         1420    .ARM.Collect$$libinit$$00000023  c_w.l(libinit2.o)
    0x0000030c   0x0000030c   0x00000000   Code   RO         1422    .ARM.Collect$$libinit$$00000025  c_w.l(libinit2.o)
    0x0000030c   0x0000030c   0x00000000   Code   RO         1426    .ARM.Collect$$libinit$$0000002C  c_w.l(libinit2.o)
    0x0000030c   0x0000030c   0x00000000   Code   RO         1428    .ARM.Collect$$libinit$$0000002E  c_w.l(libinit2.o)
    0x0000030c   0x0000030c   0x00000000   Code   RO         1430    .ARM.Collect$$libinit$$00000030  c_w.l(libinit2.o)
    0x0000030c   0x0000030c   0x00000000   Code   RO         1432    .ARM.Collect$$libinit$$00000032  c_w.l(libinit2.o)
    0x0000030c   0x0000030c   0x00000002   Code   RO         1433    .ARM.Collect$$libinit$$00000033  c_w.l(libinit2.o)
    0x0000030e   0x0000030e   0x00000002   Code   RO         1453    .ARM.Collect$$libshutdown$$00000000  c_w.l(libshutdown.o)
    0x00000310   0x00000310   0x00000000   Code   RO         1466    .ARM.Collect$$libshutdown$$00000002  c_w.l(libshutdown2.o)
    0x00000310   0x00000310   0x00000000   Code   RO         1468    .ARM.Collect$$libshutdown$$00000004  c_w.l(libshutdown2.o)
    0x00000310   0x00000310   0x00000000   Code   RO         1470    .ARM.Collect$$libshutdown$$00000006  c_w.l(libshutdown2.o)
    0x00000310   0x00000310   0x00000000   Code   RO         1473    .ARM.Collect$$libshutdown$$00000009  c_w.l(libshutdown2.o)
    0x00000310   0x00000310   0x00000000   Code   RO         1476    .ARM.Collect$$libshutdown$$0000000C  c_w.l(libshutdown2.o)
    0x00000310   0x00000310   0x00000000   Code   RO         1478    .ARM.Collect$$libshutdown$$0000000E  c_w.l(libshutdown2.o)
    0x00000310   0x00000310   0x00000000   Code   RO         1481    .ARM.Collect$$libshutdown$$00000011  c_w.l(libshutdown2.o)
    0x00000310   0x00000310   0x00000002   Code   RO         1482    .ARM.Collect$$libshutdown$$00000012  c_w.l(libshutdown2.o)
    0x00000312   0x00000312   0x00000000   Code   RO         1343    .ARM.Collect$$rtentry$$00000000  c_w.l(__rtentry.o)
    0x00000312   0x00000312   0x00000000   Code   RO         1356    .ARM.Collect$$rtentry$$00000002  c_w.l(__rtentry2.o)
    0x00000312   0x00000312   0x00000006   Code   RO         1368    .ARM.Collect$$rtentry$$00000004  c_w.l(__rtentry4.o)
    0x00000318   0x00000318   0x00000000   Code   RO         1358    .ARM.Collect$$rtentry$$00000009  c_w.l(__rtentry2.o)
    0x00000318   0x00000318   0x00000004   Code   RO         1359    .ARM.Collect$$rtentry$$0000000A  c_w.l(__rtentry2.o)
    0x0000031c   0x0000031c   0x00000000   Code   RO         1361    .ARM.Collect$$rtentry$$0000000C  c_w.l(__rtentry2.o)
    0x0000031c   0x0000031c   0x00000008   Code   RO         1362    .ARM.Collect$$rtentry$$0000000D  c_w.l(__rtentry2.o)
    0x00000324   0x00000324   0x00000002   Code   RO         1387    .ARM.Collect$$rtexit$$00000000  c_w.l(rtexit.o)
    0x00000326   0x00000326   0x00000000   Code   RO         1435    .ARM.Collect$$rtexit$$00000002  c_w.l(rtexit2.o)
    0x00000326   0x00000326   0x00000004   Code   RO         1436    .ARM.Collect$$rtexit$$00000003  c_w.l(rtexit2.o)
    0x0000032a   0x0000032a   0x00000006   Code   RO         1437    .ARM.Collect$$rtexit$$00000004  c_w.l(rtexit2.o)
    0x00000330   0x00000330   0x00000006   Code   RO          947    .emb_text           driverlib.lib(sysctl.o)
    0x00000336   0x00000336   0x00000002   PAD
    0x00000338   0x00000338   0x00000026   Code   RO         1295    .emb_text           driverlib.lib(cpu.o)
    0x0000035e   0x0000035e   0x00000002   PAD
    0x00000360   0x00000360   0x00000018   Code   RO            4    .text               startup_rvmdk.o
    0x00000378   0x00000378   0x00000028   Code   RO         1309    .text               c_w.l(noretval__2sprintf.o)
    0x000003a0   0x000003a0   0x00000068   Code   RO         1311    .text               c_w.l(__printf.o)
    0x00000408   0x00000408   0x00000078   Code   RO         1313    .text               c_w.l(_printf_dec.o)
    0x00000480   0x00000480   0x00000084   Code   RO         1337    .text               c_w.l(rt_memmove_v6.o)
    0x00000504   0x00000504   0x00000006   Code   RO         1339    .text               c_w.l(heapauxi.o)
    0x0000050a   0x0000050a   0x000000b2   Code   RO         1344    .text               c_w.l(_printf_intcommon.o)
    0x000005bc   0x000005bc   0x00000030   Code   RO         1346    .text               c_w.l(_printf_char_common.o)
    0x000005ec   0x000005ec   0x0000000a   Code   RO         1348    .text               c_w.l(_sputc.o)
    0x000005f6   0x000005f6   0x0000008a   Code   RO         1351    .text               c_w.l(rt_memcpy_v6.o)
    0x00000680   0x00000680   0x0000007a   Code   RO         1353    .text               c_w.l(rt_memmove_w.o)
    0x000006fa   0x000006fa   0x00000064   Code   RO         1372    .text               c_w.l(rt_memcpy_w.o)
    0x0000075e   0x0000075e   0x0000004a   Code   RO         1374    .text               c_w.l(sys_stackheap_outer.o)
    0x000007a8   0x000007a8   0x00000012   Code   RO         1376    .text               c_w.l(exit.o)
    0x000007ba   0x000007ba   0x00000002   PAD
    0x000007bc   0x000007bc   0x00000008   Code   RO         1384    .text               c_w.l(libspace.o)
    0x000007c4   0x000007c4   0x0000000c   Code   RO         1445    .text               c_w.l(sys_exit.o)
    0x000007d0   0x000007d0   0x00000002   Code   RO         1456    .text               c_w.l(use_no_semi.o)
    0x000007d2   0x000007d2   0x00000000   Code   RO         1458    .text               c_w.l(indicate_semi.o)
    0x000007d2   0x000007d2   0x00000002   PAD
    0x000007d4   0x000007d4   0x00000104   Code   RO           97    i.ADC0_Handler      temperaturesensor.o
    0x000008d8   0x000008d8   0x00000068   Code   RO          160    i.ADC0_Init         init.o
    0x00000940   0x00000940   0x0000000a   Code   RO          251    i.ADCIntClear       driverlib.lib(adc.o)
    0x0000094a   0x0000094a   0x00000008   Code   RO          256    i.ADCIntEnableEx    driverlib.lib(adc.o)
    0x00000952   0x00000952   0x0000001a   Code   RO          263    i.ADCProcessorTrigger  driverlib.lib(adc.o)
    0x0000096c   0x0000096c   0x00000060   Code   RO          266    i.ADCSequenceConfigure  driverlib.lib(adc.o)
    0x000009cc   0x000009cc   0x00000024   Code   RO          269    i.ADCSequenceDataGet  driverlib.lib(adc.o)
    0x000009f0   0x000009f0   0x00000010   Code   RO          270    i.ADCSequenceDisable  driverlib.lib(adc.o)
    0x00000a00   0x00000a00   0x0000000e   Code   RO          271    i.ADCSequenceEnable  driverlib.lib(adc.o)
    0x00000a0e   0x00000a0e   0x0000009a   Code   RO          274    i.ADCSequenceStepConfigure  driverlib.lib(adc.o)
    0x00000aa8   0x00000aa8   0x0000001a   Code   RO          136    i.Delay_ms          main.o
    0x00000ac2   0x00000ac2   0x00000028   Code   RO          523    i.GPIODirModeSet    driverlib.lib(gpio.o)
    0x00000aea   0x00000aea   0x00000002   PAD
    0x00000aec   0x00000aec   0x00000170   Code   RO          535    i.GPIOPadConfigSet  driverlib.lib(gpio.o)
    0x00000c5c   0x00000c5c   0x0000001c   Code   RO          538    i.GPIOPinTypeADC    driverlib.lib(gpio.o)
    0x00000c78   0x00000c78   0x00000070   Code   RO          161    i.I2C3_Init         init.o
    0x00000ce8   0x00000ce8   0x00000054   Code   RO          190    i.I2C3_Wr           i2c.o
    0x00000d3c   0x00000d3c   0x00000078   Code   RO          191    i.I2C3_Write_Multiple  i2c.o
    0x00000db4   0x00000db4   0x0000001c   Code   RO          192    i.I2C_wait_till_done  i2c.o
    0x00000dd0   0x00000dd0   0x00000064   Code   RO          832    i.IntEnable         driverlib.lib(interrupt.o)
    0x00000e34   0x00000e34   0x0000000e   Code   RO          834    i.IntMasterDisable  driverlib.lib(interrupt.o)
    0x00000e42   0x00000e42   0x0000000e   Code   RO          835    i.IntMasterEnable   driverlib.lib(interrupt.o)
    0x00000e50   0x00000e50   0x00000028   Code   RO          843    i.IntPrioritySet    driverlib.lib(interrupt.o)
    0x00000e78   0x00000e78   0x00000026   Code   RO           11    i.OLED_Clear        display.o
    0x00000e9e   0x00000e9e   0x00000010   Code   RO           12    i.OLED_Command      display.o
    0x00000eae   0x00000eae   0x0000009a   Code   RO          162    i.OLED_Init         init.o
    0x00000f48   0x00000f48   0x00000038   Code   RO           14    i.OLED_PutChar      display.o
    0x00000f80   0x00000f80   0x00000020   Code   RO           15    i.OLED_Write_Integer  display.o
    0x00000fa0   0x00000fa0   0x00000016   Code   RO           16    i.OLED_Write_String  display.o
    0x00000fb6   0x00000fb6   0x00000028   Code   RO           17    i.OLED_YX           display.o
    0x00000fde   0x00000fde   0x00000002   PAD
    0x00000fe0   0x00000fe0   0x000000b8   Code   RO          163    i.PortFunctionInit  init.o
    0x00001098   0x00001098   0x00000120   Code   RO          952    i.SysCtlClockSet    driverlib.lib(sysctl.o)
    0x000011b8   0x000011b8   0x00000028   Code   RO          981    i.SysCtlPeripheralEnable  driverlib.lib(sysctl.o)
    0x000011e0   0x000011e0   0x00000038   Code   RO          218    i.checkPIR          motion_sensor.o
    0x00001218   0x00001218   0x00000020   Code   RO          137    i.main              main.o
    0x00001238   0x00001238   0x0000000a   Code   RO         1443    x$fpl$fpinit        fz_wm.l(fpinit.o)
    0x00001242   0x00001242   0x00000300   Data   RO           18    .constdata          display.o
    0x00001542   0x00001542   0x00000002   PAD
    0x00001544   0x00001544   0x0000010c   Data   RO          848    .constdata          driverlib.lib(interrupt.o)
    0x00001650   0x00001650   0x00000020   Data   RO         1513    Region$$Table       anon$$obj.o


    Execution Region ER_RW (Exec base: 0x20000000, Load base: 0x00001670, Size: 0x00000010, Max: 0xffffffff, ABSOLUTE)

    Exec Addr    Load Addr    Size         Type   Attr      Idx    E Section Name        Object

    0x20000000   0x00001670   0x00000010   Data   RW           98    .data               temperaturesensor.o


    Execution Region ER_ZI (Exec base: 0x20000010, Load base: 0x00001680, Size: 0x00000160, Max: 0xffffffff, ABSOLUTE)

    Exec Addr    Load Addr    Size         Type   Attr      Idx    E Section Name        Object

    0x20000010        -       0x00000060   Zero   RW         1385    .bss                c_w.l(libspace.o)
    0x20000070        -       0x00000000   Zero   RW            2    HEAP                startup_rvmdk.o
    0x20000070        -       0x00000100   Zero   RW            1    STACK               startup_rvmdk.o


==============================================================================

Image component sizes


      Code (inc. data)   RO Data    RW Data    ZI Data      Debug   Object Name

       204         12        768          0          0       8785   display.o
       232         14          0          0          0       2621   i2c.o
       554         62          0          0          0       2023   init.o
        58          0          0          0          0       1014   main.o
        56          8          0          0          0        499   motion_sensor.o
       672        636          0          0        256        628   startup_rvmdk.o
       260         50          0         16          0       1669   temperaturesensor.o

    ----------------------------------------------------------------------
      2038        782        802         16        256      17239   Object Totals
         0          0         32          0          0          0   (incl. Generated)
         2          0          2          0          0          0   (incl. Padding)

    ----------------------------------------------------------------------

      Code (inc. data)   RO Data    RW Data    ZI Data      Debug   Library Member Name

         8          0          0          0          0         68   __main.o
       104          0          0          0          0         84   __printf.o
         0          0          0          0          0          0   __rtentry.o
        12          0          0          0          0          0   __rtentry2.o
         6          0          0          0          0          0   __rtentry4.o
        52          8          0          0          0          0   __scatter.o
        26          0          0          0          0          0   __scatter_copy.o
        28          0          0          0          0          0   __scatter_zi.o
        48          6          0          0          0         96   _printf_char_common.o
         6          0          0          0          0          0   _printf_d.o
       120         16          0          0          0         92   _printf_dec.o
       178          0          0          0          0         88   _printf_intcommon.o
         0          0          0          0          0          0   _printf_percent.o
         4          0          0          0          0          0   _printf_percent_end.o
        10          0          0          0          0         68   _sputc.o
        18          0          0          0          0         80   exit.o
         6          0          0          0          0        152   heapauxi.o
         0          0          0          0          0          0   indicate_semi.o
         2          0          0          0          0          0   libinit.o
         6          0          0          0          0          0   libinit2.o
         2          0          0          0          0          0   libshutdown.o
         2          0          0          0          0          0   libshutdown2.o
         8          4          0          0         96         68   libspace.o
        40          6          0          0          0         84   noretval__2sprintf.o
       138          0          0          0          0         68   rt_memcpy_v6.o
       100          0          0          0          0         80   rt_memcpy_w.o
       132          0          0          0          0         68   rt_memmove_v6.o
       122          0          0          0          0         80   rt_memmove_w.o
         2          0          0          0          0          0   rtexit.o
        10          0          0          0          0          0   rtexit2.o
        12          4          0          0          0         68   sys_exit.o
        74          0          0          0          0         80   sys_stackheap_outer.o
         2          0          0          0          0         68   use_no_semi.o
       360          0          0          0          0       8541   adc.o
        38          0          0          0          0        572   cpu.o
       436         14          0          0          0       2761   gpio.o
       168         12        268          0          0       3090   interrupt.o
       334         22          0          0          0       1742   sysctl.o
        10          0          0          0          0        116   fpinit.o

    ----------------------------------------------------------------------
      2636         92        268          0         96      18214   Library Totals
        12          0          0          0          0          0   (incl. Padding)

    ----------------------------------------------------------------------

      Code (inc. data)   RO Data    RW Data    ZI Data      Debug   Library Name

      1278         44          0          0         96       1392   c_w.l
      1336         48        268          0          0      16706   driverlib.lib
        10          0          0          0          0        116   fz_wm.l

    ----------------------------------------------------------------------
      2636         92        268          0         96      18214   Library Totals

    ----------------------------------------------------------------------

==============================================================================


      Code (inc. data)   RO Data    RW Data    ZI Data      Debug   

      4674        874       1070         16        352      31877   Grand Totals
      4674        874       1070         16        352      31877   ELF Image Totals
      4674        874       1070         16          0          0   ROM Totals

==============================================================================

    Total RO  Size (Code + RO Data)                 5744 (   5.61kB)
    Total RW  Size (RW Data + ZI Data)               368 (   0.36kB)
    Total ROM Size (Code + RO Data + RW Data)       5760 (   5.63kB)

==============================================================================

